******************************************************************************
                  TI ARM Linker PC v5.0.4                      
******************************************************************************
>> Linked Wed Jun 12 19:35:17 2013

OUTPUT FILE NAME:   <testFAT.out>
ENTRY POINT SYMBOL: "_c_int00"  address: 00004dc9


MEMORY CONFIGURATION

         name            origin    length      used     unused   attr    fill
----------------------  --------  ---------  --------  --------  ----  --------
  FLASH                 00000000   00040000  000052de  0003ad22  R  X
  SRAM                  20000000   00018000  000006a4  0001795c  RW X


SEGMENT ALLOCATION MAP

run origin  load origin   length   init length attrs members
----------  ----------- ---------- ----------- ----- -------
00000000    00000000    000052e0   000052e0    r-x
  00000000    00000000    0000011c   0000011c    r-- .intvecs
  0000011c    0000011c    00004f62   00004f62    r-x .text
  00005080    00005080    00000220   00000220    r-- .const
  000052a0    000052a0    00000040   00000040    r-- .cinit
20000000    20000000    00000680   00000000    rw-
  20000000    20000000    00000480   00000000    rw- .bss
  20000480    20000480    00000200   00000000    rw- .stack
20000680    20000680    00000024   00000024    rw-
  20000680    20000680    00000024   00000024    rw- .data


SECTION ALLOCATION MAP

 output                                  attributes/
section   page    origin      length       input sections
--------  ----  ----------  ----------   ----------------
.intvecs   0    00000000    0000011c     
                  00000000    0000011c     startup_ccs.obj (.intvecs)

.init_array 
*          0    00000000    00000000     UNINITIALIZED

.text      0    0000011c    00004f62     
                  0000011c    00002e7a     ff.obj (.text)
                  00002f96    00000002     --HOLE-- [fill = 0]
                  00002f98    00000a10     mmc.obj (.text)
                  000039a8    000009fc     sdcard.obj (.text)
                  000043a4    000001f4     io.obj (.text)
                  00004598    000001ac     driverlib.lib : sysctl.obj (.text:SysCtlClockGet)
                  00004744    0000012c                   : sysctl.obj (.text:SysCtlClockSet)
                  00004870    00000118     main.obj (.text)
                  00004988    000000d4     utils.obj (.text)
                  00004a5c    000000cc     driverlib.lib : gpio.obj (.text:GPIOPadConfigSet)
                  00004b28    0000009c     rtsv7M3_T_le_eabi.lib : memcpy_t2.obj (.text)
                  00004bc4    00000094                           : auto_init.obj (.text)
                  00004c58    0000005e                           : copy_decompress_rle.obj (.text)
                  00004cb6    00000048     driverlib.lib : ssi.obj (.text:SSIConfigSetExpClk)
                  00004cfe    00000002     --HOLE-- [fill = 0]
                  00004d00    00000044                   : sysctl.obj (.text:SysCtlPeripheralReset)
                  00004d44    00000044     rtsv7M3_T_le_eabi.lib : cpy_tbl.obj (.text)
                  00004d88    00000040                           : exit.obj (.text)
                  00004dc8    00000034                           : boot.obj (.text)
                  00004dfc    00000030                           : strncpy.obj (.text)
                  00004e2c    0000002e     driverlib.lib : gpio.obj (.text:GPIODirModeSet)
                  00004e5a    00000002     --HOLE-- [fill = 0]
                  00004e5c    00000028                   : i2c.obj (.text:I2CMasterInitExpClk)
                  00004e84    00000026     rtsv7M3_T_le_eabi.lib : strncmp.obj (.text)
                  00004eaa    00000002     --HOLE-- [fill = 0]
                  00004eac    00000020     driverlib.lib : sysctl.obj (.text:SysCtlPeripheralEnable)
                  00004ecc    0000001c     rtsv7M3_T_le_eabi.lib : strcat.obj (.text)
                  00004ee8    00000018                           : args_main.obj (.text)
                  00004f00    00000014     driverlib.lib : sysctl.obj (.text:SysCtlDelay)
                  00004f14    00000014     rtsv7M3_T_le_eabi.lib : _lock.obj (.text)
                  00004f28    00000014                           : strlen.obj (.text)
                  00004f3c    00000012     driverlib.lib : gpio.obj (.text:GPIOPinTypeGPIOInput)
                  00004f4e    00000012                   : gpio.obj (.text:GPIOPinTypeGPIOOutput)
                  00004f60    00000012                   : gpio.obj (.text:GPIOPinTypeI2C)
                  00004f72    00000012                   : gpio.obj (.text:GPIOPinTypeSSI)
                  00004f84    00000012                   : ssi.obj (.text:SSIDataGetNonBlocking)
                  00004f96    00000012     rtsv7M3_T_le_eabi.lib : copy_zero_init.obj (.text:decompress:ZI)
                  00004fa8    00000012                           : strcpy.obj (.text)
                  00004fba    00000002     --HOLE-- [fill = 0]
                  00004fbc    00000010                           : isspace.obj (.text)
                  00004fcc    00000010                           : toupper.obj (.text)
                  00004fdc    0000000e                           : copy_decompress_none.obj (.text:decompress:none)
                  00004fea    0000000c     driverlib.lib : cpu.obj (.text:CPUcpsid)
                  00004ff6    0000000c                   : cpu.obj (.text:CPUcpsie)
                  00005002    0000000c                   : ssi.obj (.text:SSIDataGet)
                  0000500e    0000000c     startup_ccs.obj (.text)
                  0000501a    0000000a     driverlib.lib : i2c.obj (.text:I2CMasterEnable)
                  00005024    0000000a                   : interrupt.obj (.text:IntMasterDisable)
                  0000502e    0000000a                   : interrupt.obj (.text:IntMasterEnable)
                  00005038    0000000a                   : ssi.obj (.text:SSIDataPut)
                  00005042    0000000a                   : ssi.obj (.text:SSIDisable)
                  0000504c    0000000a                   : ssi.obj (.text:SSIEnable)
                  00005056    00000008                   : i2c.obj (.text:I2CMasterBusy)
                  0000505e    00000008                   : i2c.obj (.text:I2CMasterSlaveAddrSet)
                  00005066    00000006                   : gpio.obj (.text:GPIOPinWrite)
                  0000506c    00000006     rtsv7M3_T_le_eabi.lib : copy_decompress_rle.obj (.text:decompress:rle24)
                  00005072    00000004     driverlib.lib : i2c.obj (.text:I2CMasterControl)
                  00005076    00000004                   : i2c.obj (.text:I2CMasterDataGet)
                  0000507a    00000004                   : i2c.obj (.text:I2CMasterDataPut)

.const     0    00005080    00000220     
                  00005080    00000101     rtsv7M3_T_le_eabi.lib : ctype.obj (.const:.string:_ctypes_)
                  00005181    00000003     --HOLE-- [fill = 0]
                  00005184    00000080     ff.obj (.const:.string:ExCvt)
                  00005204    0000005c     driverlib.lib : sysctl.obj (.const:g_pulXtals)
                  00005260    00000040                   : sysctl.obj (.const)

.cinit     0    000052a0    00000040     
                  000052a0    00000016     (.cinit..data.load) [load image, compression = rle]
                  000052b6    00000002     --HOLE-- [fill = 0]
                  000052b8    0000000c     (__TI_handler_table)
                  000052c4    00000004     --HOLE-- [fill = 0]
                  000052c8    00000008     (.cinit..bss.load) [load image, compression = zero_init]
                  000052d0    00000010     (__TI_cinit_table)

.bss       0    20000000    00000480     UNINITIALIZED
                  20000000    00000234     mmc.obj (.bss:fatfs)
                  20000234    00000224     mmc.obj (.bss:fileobj)
                  20000458    0000001c     utils.obj (.bss)
                  20000474    00000006     ff.obj (.bss)
                  2000047a    00000002     --HOLE--
                  2000047c    00000004     driverlib.lib : sysctl.obj (.bss)

.stack     0    20000480    00000200     UNINITIALIZED
                  20000480    00000200     --HOLE--

.data      0    20000680    00000024     
                  20000680    0000000d     sdcard.obj (.data)
                  2000068d    00000003     --HOLE--
                  20000690    00000008     rtsv7M3_T_le_eabi.lib : _lock.obj (.data)
                  20000698    00000008                           : exit.obj (.data)
                  200006a0    00000004                           : stkdepth_vars.obj (.data)


LINKER GENERATED COPY TABLES

__TI_cinit_table @ 000052d0 records: 2, size/record: 8, table size: 16
	.data: load addr=000052a0, load size=00000016 bytes, run addr=20000680, run size=00000024 bytes, compression=rle
	.bss: load addr=000052c8, load size=00000008 bytes, run addr=20000000, run size=00000480 bytes, compression=zero_init


LINKER GENERATED HANDLER TABLE

__TI_handler_table @ 000052b8 records: 3, size/record: 4, table size: 12
	index: 0, handler: __TI_decompress_rle24
	index: 1, handler: __TI_decompress_none
	index: 2, handler: __TI_zero_init


GLOBAL SYMBOLS: SORTED ALPHABETICALLY BY Name 

address    name
--------   ----
00004d89   C$$EXIT
00004feb   CPUcpsid
00004ff7   CPUcpsie
2000068c   CardType
00004e2d   GPIODirModeSet
00004a5d   GPIOPadConfigSet
00004f3d   GPIOPinTypeGPIOInput
00004f4f   GPIOPinTypeGPIOOutput
00004f61   GPIOPinTypeI2C
00004f73   GPIOPinTypeSSI
00005067   GPIOPinWrite
00004465   GPIOSetInput
00004443   GPIOSetOutput
00005057   I2CMasterBusy
00005073   I2CMasterControl
00005077   I2CMasterDataGet
0000507b   I2CMasterDataPut
0000501b   I2CMasterEnable
00004e5d   I2CMasterInitExpClk
0000505f   I2CMasterSlaveAddrSet
00005025   IntMasterDisable
0000502f   IntMasterEnable
0000500f   ResetISR
UNDEFED    SHT$$INIT_ARRAY$$Base
UNDEFED    SHT$$INIT_ARRAY$$Limit
00004cb7   SSIConfigSetExpClk
00005003   SSIDataGet
00004f85   SSIDataGetNonBlocking
00005039   SSIDataPut
00005043   SSIDisable
0000504d   SSIEnable
20000680   Stat
00004599   SysCtlClockGet
00004745   SysCtlClockSet
00004f01   SysCtlDelay
00004ead   SysCtlPeripheralEnable
00004d01   SysCtlPeripheralReset
20000684   Timer1
20000688   Timer2
20000680   __STACK_END
00000200   __STACK_SIZE
20000680   __STACK_TOP
000052d0   __TI_CINIT_Base
000052e0   __TI_CINIT_Limit
000052b8   __TI_Handler_Table_Base
000052c4   __TI_Handler_Table_Limit
00000001   __TI_args_main
00004bc5   __TI_auto_init
00004fdd   __TI_decompress_none
0000506d   __TI_decompress_rle24
00000000   __TI_static_base__
00004f97   __TI_zero_init
00004b29   __aeabi_memcpy
00004b29   __aeabi_memcpy4
00004b29   __aeabi_memcpy8
ffffffff   __binit__
ffffffff   __c_args__
20000480   __stack
00004ee9   _args_main
00004dc9   _c_int00
20000698   _cleanup_ptr
00005080   _ctypes_
2000069c   _dtors_ptr
20000690   _lock
00004f23   _nop
00004f1b   _register_lock
00004f15   _register_unlock
20000694   _unlock
00004d8d   abort
ffffffff   binit
00003a47   chk_power
000003bd   clust2sect
00004d45   copy_in
00004487   delay_ms
00003c29   disk_initialize
00003ff1   disk_ioctl
00003e63   disk_read
00003e49   disk_status
00004331   disk_timerproc
00003f19   disk_write
00004d95   exit
0000286f   f_chmod
00001f37   f_close
00002331   f_getfree
00002add   f_gets
00001f57   f_lseek
00002689   f_mkdir
000016cf   f_mount
00001725   f_open
000021a5   f_opendir
00002bb7   f_printf
00002b45   f_putc
00002b7d   f_puts
0000193d   f_read
00002255   f_readdir
00002985   f_rename
000022e1   f_stat
00001e37   f_sync
00002493   f_truncate
00002587   f_unlink
000028ff   f_utime
00001b93   f_write
20000000   fatfs
20000234   fileobj
00002fd9   fs_checkitem
00003241   fs_getitem
00003167   fs_getitemtag
00003113   fs_isdir
000032df   fs_items
00002fa5   fs_mount
00002f99   fs_unmount
00000000   g_pfnVectors
2000047c   g_ulInlineCCSWorkaround
000003ed   get_fat
00004361   get_fattime
00004989   gettime
000037b5   ini_delentry
00003429   ini_delspace
000033a9   ini_extendfile
000035b5   ini_getentry
000038a3   ini_renentry
00003495   ini_searchentry
00003695   ini_setentry
0000332b   ini_stripfile
000043e7   init_periph
000043a5   init_pins
00004fbd   isspace
00004871   main
200006a0   main_func_sp
00004b29   memcpy
00003a25   power_off
00003a15   power_on
00000511   put_fat
00003a4b   rcvr_datablock
000039b9   rcvr_spi
000039c9   rcvr_spi_m
00003a01   release_spi
00003b31   send_cmd
0000454f   ssi_off
0000456d   ssi_on
000044cf   ssi_read
000044df   ssi_readwrite
000044fd   ssi_speed
000044a5   ssi_wait
000044bd   ssi_write
00004ecd   strcat
00004fa9   strcpy
00004f29   strlen
00004e85   strncmp
00004dfd   strncpy
000049cf   strrmvspace
20000458   timedate
00004fcd   toupper
000039d7   wait_ready
00003ab7   xmit_datablock
000039a9   xmit_spi


GLOBAL SYMBOLS: SORTED BY Symbol Address 

address    name
--------   ----
00000000   __TI_static_base__
00000000   g_pfnVectors
00000001   __TI_args_main
00000200   __STACK_SIZE
000003bd   clust2sect
000003ed   get_fat
00000511   put_fat
000016cf   f_mount
00001725   f_open
0000193d   f_read
00001b93   f_write
00001e37   f_sync
00001f37   f_close
00001f57   f_lseek
000021a5   f_opendir
00002255   f_readdir
000022e1   f_stat
00002331   f_getfree
00002493   f_truncate
00002587   f_unlink
00002689   f_mkdir
0000286f   f_chmod
000028ff   f_utime
00002985   f_rename
00002add   f_gets
00002b45   f_putc
00002b7d   f_puts
00002bb7   f_printf
00002f99   fs_unmount
00002fa5   fs_mount
00002fd9   fs_checkitem
00003113   fs_isdir
00003167   fs_getitemtag
00003241   fs_getitem
000032df   fs_items
0000332b   ini_stripfile
000033a9   ini_extendfile
00003429   ini_delspace
00003495   ini_searchentry
000035b5   ini_getentry
00003695   ini_setentry
000037b5   ini_delentry
000038a3   ini_renentry
000039a9   xmit_spi
000039b9   rcvr_spi
000039c9   rcvr_spi_m
000039d7   wait_ready
00003a01   release_spi
00003a15   power_on
00003a25   power_off
00003a47   chk_power
00003a4b   rcvr_datablock
00003ab7   xmit_datablock
00003b31   send_cmd
00003c29   disk_initialize
00003e49   disk_status
00003e63   disk_read
00003f19   disk_write
00003ff1   disk_ioctl
00004331   disk_timerproc
00004361   get_fattime
000043a5   init_pins
000043e7   init_periph
00004443   GPIOSetOutput
00004465   GPIOSetInput
00004487   delay_ms
000044a5   ssi_wait
000044bd   ssi_write
000044cf   ssi_read
000044df   ssi_readwrite
000044fd   ssi_speed
0000454f   ssi_off
0000456d   ssi_on
00004599   SysCtlClockGet
00004745   SysCtlClockSet
00004871   main
00004989   gettime
000049cf   strrmvspace
00004a5d   GPIOPadConfigSet
00004b29   __aeabi_memcpy
00004b29   __aeabi_memcpy4
00004b29   __aeabi_memcpy8
00004b29   memcpy
00004bc5   __TI_auto_init
00004cb7   SSIConfigSetExpClk
00004d01   SysCtlPeripheralReset
00004d45   copy_in
00004d89   C$$EXIT
00004d8d   abort
00004d95   exit
00004dc9   _c_int00
00004dfd   strncpy
00004e2d   GPIODirModeSet
00004e5d   I2CMasterInitExpClk
00004e85   strncmp
00004ead   SysCtlPeripheralEnable
00004ecd   strcat
00004ee9   _args_main
00004f01   SysCtlDelay
00004f15   _register_unlock
00004f1b   _register_lock
00004f23   _nop
00004f29   strlen
00004f3d   GPIOPinTypeGPIOInput
00004f4f   GPIOPinTypeGPIOOutput
00004f61   GPIOPinTypeI2C
00004f73   GPIOPinTypeSSI
00004f85   SSIDataGetNonBlocking
00004f97   __TI_zero_init
00004fa9   strcpy
00004fbd   isspace
00004fcd   toupper
00004fdd   __TI_decompress_none
00004feb   CPUcpsid
00004ff7   CPUcpsie
00005003   SSIDataGet
0000500f   ResetISR
0000501b   I2CMasterEnable
00005025   IntMasterDisable
0000502f   IntMasterEnable
00005039   SSIDataPut
00005043   SSIDisable
0000504d   SSIEnable
00005057   I2CMasterBusy
0000505f   I2CMasterSlaveAddrSet
00005067   GPIOPinWrite
0000506d   __TI_decompress_rle24
00005073   I2CMasterControl
00005077   I2CMasterDataGet
0000507b   I2CMasterDataPut
00005080   _ctypes_
000052b8   __TI_Handler_Table_Base
000052c4   __TI_Handler_Table_Limit
000052d0   __TI_CINIT_Base
000052e0   __TI_CINIT_Limit
20000000   fatfs
20000234   fileobj
20000458   timedate
2000047c   g_ulInlineCCSWorkaround
20000480   __stack
20000680   Stat
20000680   __STACK_END
20000680   __STACK_TOP
20000684   Timer1
20000688   Timer2
2000068c   CardType
20000690   _lock
20000694   _unlock
20000698   _cleanup_ptr
2000069c   _dtors_ptr
200006a0   main_func_sp
ffffffff   __binit__
ffffffff   __c_args__
ffffffff   binit
UNDEFED    SHT$$INIT_ARRAY$$Base
UNDEFED    SHT$$INIT_ARRAY$$Limit

[156 symbols]
