<?xml version="1.0"?>
<link_info>
   <banner>TI ARM Linker PC v5.0.4</banner>
   <copyright>Copyright (c) 1996-2013 Texas Instruments Incorporated</copyright>
   <link_time>0x51b8a345</link_time>
   <output_file>testFAT.out</output_file>
   <entry_point>
      <name>_c_int00</name>
      <address>0x4dc9</address>
   </entry_point>
   <input_file_list>
      <input_file id="fl-2">
         <path>.\fatfs\</path>
         <kind>object</kind>
         <file>ff.obj</file>
         <name>ff.obj</name>
      </input_file>
      <input_file id="fl-3">
         <path>.\fatfs\option\</path>
         <kind>object</kind>
         <file>unicode.obj</file>
         <name>unicode.obj</name>
      </input_file>
      <input_file id="fl-4">
         <path>.\</path>
         <kind>object</kind>
         <file>utils.obj</file>
         <name>utils.obj</name>
      </input_file>
      <input_file id="fl-5">
         <path>.\</path>
         <kind>object</kind>
         <file>startup_ccs.obj</file>
         <name>startup_ccs.obj</name>
      </input_file>
      <input_file id="fl-6">
         <path>.\</path>
         <kind>object</kind>
         <file>sdcard.obj</file>
         <name>sdcard.obj</name>
      </input_file>
      <input_file id="fl-7">
         <path>.\</path>
         <kind>object</kind>
         <file>mmc.obj</file>
         <name>mmc.obj</name>
      </input_file>
      <input_file id="fl-8">
         <path>.\</path>
         <kind>object</kind>
         <file>main.obj</file>
         <name>main.obj</name>
      </input_file>
      <input_file id="fl-9">
         <path>.\</path>
         <kind>object</kind>
         <file>io.obj</file>
         <name>io.obj</name>
      </input_file>
      <input_file id="fl-137">
         <path>D:\ti\ccsv5\tools\compiler\arm_5.0.4\lib\</path>
         <kind>archive</kind>
         <file>rtsv7M3_T_le_eabi.lib</file>
         <name>boot.obj</name>
      </input_file>
      <input_file id="fl-138">
         <path>D:\ti\ccsv5\tools\compiler\arm_5.0.4\lib\</path>
         <kind>archive</kind>
         <file>rtsv7M3_T_le_eabi.lib</file>
         <name>copy_decompress_none.obj</name>
      </input_file>
      <input_file id="fl-139">
         <path>D:\ti\ccsv5\tools\compiler\arm_5.0.4\lib\</path>
         <kind>archive</kind>
         <file>rtsv7M3_T_le_eabi.lib</file>
         <name>copy_decompress_rle.obj</name>
      </input_file>
      <input_file id="fl-13a">
         <path>D:\ti\ccsv5\tools\compiler\arm_5.0.4\lib\</path>
         <kind>archive</kind>
         <file>rtsv7M3_T_le_eabi.lib</file>
         <name>copy_zero_init.obj</name>
      </input_file>
      <input_file id="fl-13b">
         <path>D:\ti\ccsv5\tools\compiler\arm_5.0.4\lib\</path>
         <kind>archive</kind>
         <file>rtsv7M3_T_le_eabi.lib</file>
         <name>exit.obj</name>
      </input_file>
      <input_file id="fl-13c">
         <path>D:\ti\ccsv5\tools\compiler\arm_5.0.4\lib\</path>
         <kind>archive</kind>
         <file>rtsv7M3_T_le_eabi.lib</file>
         <name>isspace.obj</name>
      </input_file>
      <input_file id="fl-13d">
         <path>D:\ti\ccsv5\tools\compiler\arm_5.0.4\lib\</path>
         <kind>archive</kind>
         <file>rtsv7M3_T_le_eabi.lib</file>
         <name>memcpy_t2.obj</name>
      </input_file>
      <input_file id="fl-13e">
         <path>D:\ti\ccsv5\tools\compiler\arm_5.0.4\lib\</path>
         <kind>archive</kind>
         <file>rtsv7M3_T_le_eabi.lib</file>
         <name>stkdepth_vars.obj</name>
      </input_file>
      <input_file id="fl-13f">
         <path>D:\ti\ccsv5\tools\compiler\arm_5.0.4\lib\</path>
         <kind>archive</kind>
         <file>rtsv7M3_T_le_eabi.lib</file>
         <name>strcat.obj</name>
      </input_file>
      <input_file id="fl-140">
         <path>D:\ti\ccsv5\tools\compiler\arm_5.0.4\lib\</path>
         <kind>archive</kind>
         <file>rtsv7M3_T_le_eabi.lib</file>
         <name>strcpy.obj</name>
      </input_file>
      <input_file id="fl-141">
         <path>D:\ti\ccsv5\tools\compiler\arm_5.0.4\lib\</path>
         <kind>archive</kind>
         <file>rtsv7M3_T_le_eabi.lib</file>
         <name>strlen.obj</name>
      </input_file>
      <input_file id="fl-142">
         <path>D:\ti\ccsv5\tools\compiler\arm_5.0.4\lib\</path>
         <kind>archive</kind>
         <file>rtsv7M3_T_le_eabi.lib</file>
         <name>strncmp.obj</name>
      </input_file>
      <input_file id="fl-143">
         <path>D:\ti\ccsv5\tools\compiler\arm_5.0.4\lib\</path>
         <kind>archive</kind>
         <file>rtsv7M3_T_le_eabi.lib</file>
         <name>strncpy.obj</name>
      </input_file>
      <input_file id="fl-144">
         <path>D:\ti\ccsv5\tools\compiler\arm_5.0.4\lib\</path>
         <kind>archive</kind>
         <file>rtsv7M3_T_le_eabi.lib</file>
         <name>toupper.obj</name>
      </input_file>
      <input_file id="fl-145">
         <path>D:\ti\ccsv5\tools\compiler\arm_5.0.4\lib\</path>
         <kind>archive</kind>
         <file>rtsv7M3_T_le_eabi.lib</file>
         <name>_lock.obj</name>
      </input_file>
      <input_file id="fl-146">
         <path>D:\ti\ccsv5\tools\compiler\arm_5.0.4\lib\</path>
         <kind>archive</kind>
         <file>rtsv7M3_T_le_eabi.lib</file>
         <name>args_main.obj</name>
      </input_file>
      <input_file id="fl-147">
         <path>D:\ti\ccsv5\tools\compiler\arm_5.0.4\lib\</path>
         <kind>archive</kind>
         <file>rtsv7M3_T_le_eabi.lib</file>
         <name>auto_init.obj</name>
      </input_file>
      <input_file id="fl-148">
         <path>D:\ti\ccsv5\tools\compiler\arm_5.0.4\lib\</path>
         <kind>archive</kind>
         <file>rtsv7M3_T_le_eabi.lib</file>
         <name>cpy_tbl.obj</name>
      </input_file>
      <input_file id="fl-149">
         <path>D:\ti\ccsv5\tools\compiler\arm_5.0.4\lib\</path>
         <kind>archive</kind>
         <file>rtsv7M3_T_le_eabi.lib</file>
         <name>ctype.obj</name>
      </input_file>
      <input_file id="fl-14a">
         <path>D:\StellarisWare\boards\ek-lm3s9b92\TestFAT\ccs\..\..\..\..\driverlib\ccs\Debug\</path>
         <kind>archive</kind>
         <file>driverlib.lib</file>
         <name>sysctl.obj</name>
      </input_file>
      <input_file id="fl-14b">
         <path>D:\StellarisWare\boards\ek-lm3s9b92\TestFAT\ccs\..\..\..\..\driverlib\ccs\Debug\</path>
         <kind>archive</kind>
         <file>driverlib.lib</file>
         <name>ssi.obj</name>
      </input_file>
      <input_file id="fl-14c">
         <path>D:\StellarisWare\boards\ek-lm3s9b92\TestFAT\ccs\..\..\..\..\driverlib\ccs\Debug\</path>
         <kind>archive</kind>
         <file>driverlib.lib</file>
         <name>interrupt.obj</name>
      </input_file>
      <input_file id="fl-14d">
         <path>D:\StellarisWare\boards\ek-lm3s9b92\TestFAT\ccs\..\..\..\..\driverlib\ccs\Debug\</path>
         <kind>archive</kind>
         <file>driverlib.lib</file>
         <name>i2c.obj</name>
      </input_file>
      <input_file id="fl-14e">
         <path>D:\StellarisWare\boards\ek-lm3s9b92\TestFAT\ccs\..\..\..\..\driverlib\ccs\Debug\</path>
         <kind>archive</kind>
         <file>driverlib.lib</file>
         <name>gpio.obj</name>
      </input_file>
      <input_file id="fl-14f">
         <path>D:\StellarisWare\boards\ek-lm3s9b92\TestFAT\ccs\..\..\..\..\driverlib\ccs\Debug\</path>
         <kind>archive</kind>
         <file>driverlib.lib</file>
         <name>cpu.obj</name>
      </input_file>
   </input_file_list>
   <object_component_list>
      <object_component id="oc-e">
         <name>.intvecs</name>
         <load_address>0x0</load_address>
         <run_address>0x0</run_address>
         <size>0x11c</size>
         <input_file_ref idref="fl-5"/>
      </object_component>
      <object_component id="oc-ca">
         <name>.text</name>
         <load_address>0x11c</load_address>
         <run_address>0x11c</run_address>
         <size>0x2e7a</size>
         <input_file_ref idref="fl-2"/>
      </object_component>
      <object_component id="oc-c0">
         <name>.text</name>
         <load_address>0x2f98</load_address>
         <run_address>0x2f98</run_address>
         <size>0xa10</size>
         <input_file_ref idref="fl-7"/>
      </object_component>
      <object_component id="oc-c5">
         <name>.text</name>
         <load_address>0x39a8</load_address>
         <run_address>0x39a8</run_address>
         <size>0x9fc</size>
         <input_file_ref idref="fl-6"/>
      </object_component>
      <object_component id="oc-98">
         <name>.text</name>
         <load_address>0x43a4</load_address>
         <run_address>0x43a4</run_address>
         <size>0x1f4</size>
         <input_file_ref idref="fl-9"/>
      </object_component>
      <object_component id="oc-9d">
         <name>.text:SysCtlClockGet</name>
         <load_address>0x4598</load_address>
         <run_address>0x4598</run_address>
         <size>0x1ac</size>
         <input_file_ref idref="fl-14a"/>
      </object_component>
      <object_component id="oc-93">
         <name>.text:SysCtlClockSet</name>
         <load_address>0x4744</load_address>
         <run_address>0x4744</run_address>
         <size>0x12c</size>
         <input_file_ref idref="fl-14a"/>
      </object_component>
      <object_component id="oc-60">
         <name>.text</name>
         <load_address>0x4870</load_address>
         <run_address>0x4870</run_address>
         <size>0x118</size>
         <input_file_ref idref="fl-8"/>
      </object_component>
      <object_component id="oc-174">
         <name>.text</name>
         <load_address>0x4988</load_address>
         <run_address>0x4988</run_address>
         <size>0xd4</size>
         <input_file_ref idref="fl-4"/>
      </object_component>
      <object_component id="oc-129">
         <name>.text:GPIOPadConfigSet</name>
         <load_address>0x4a5c</load_address>
         <run_address>0x4a5c</run_address>
         <size>0xcc</size>
         <input_file_ref idref="fl-14e"/>
      </object_component>
      <object_component id="oc-38">
         <name>.text</name>
         <load_address>0x4b28</load_address>
         <run_address>0x4b28</run_address>
         <size>0x9c</size>
         <input_file_ref idref="fl-13d"/>
      </object_component>
      <object_component id="oc-29">
         <name>.text</name>
         <load_address>0x4bc4</load_address>
         <run_address>0x4bc4</run_address>
         <size>0x94</size>
         <input_file_ref idref="fl-147"/>
      </object_component>
      <object_component id="oc-48">
         <name>.text</name>
         <load_address>0x4c58</load_address>
         <run_address>0x4c58</run_address>
         <size>0x5e</size>
         <input_file_ref idref="fl-139"/>
      </object_component>
      <object_component id="oc-11a">
         <name>.text:SSIConfigSetExpClk</name>
         <load_address>0x4cb6</load_address>
         <run_address>0x4cb6</run_address>
         <size>0x48</size>
         <input_file_ref idref="fl-14b"/>
      </object_component>
      <object_component id="oc-115">
         <name>.text:SysCtlPeripheralReset</name>
         <load_address>0x4d00</load_address>
         <run_address>0x4d00</run_address>
         <size>0x44</size>
         <input_file_ref idref="fl-14a"/>
      </object_component>
      <object_component id="oc-5b">
         <name>.text</name>
         <load_address>0x4d44</load_address>
         <run_address>0x4d44</run_address>
         <size>0x44</size>
         <input_file_ref idref="fl-148"/>
      </object_component>
      <object_component id="oc-31">
         <name>.text</name>
         <load_address>0x4d88</load_address>
         <run_address>0x4d88</run_address>
         <size>0x40</size>
         <input_file_ref idref="fl-13b"/>
      </object_component>
      <object_component id="oc-10">
         <name>.text</name>
         <load_address>0x4dc8</load_address>
         <run_address>0x4dc8</run_address>
         <size>0x34</size>
         <input_file_ref idref="fl-137"/>
      </object_component>
      <object_component id="oc-168">
         <name>.text</name>
         <load_address>0x4dfc</load_address>
         <run_address>0x4dfc</run_address>
         <size>0x30</size>
         <input_file_ref idref="fl-143"/>
      </object_component>
      <object_component id="oc-1ac">
         <name>.text:GPIODirModeSet</name>
         <load_address>0x4e2c</load_address>
         <run_address>0x4e2c</run_address>
         <size>0x2e</size>
         <input_file_ref idref="fl-14e"/>
      </object_component>
      <object_component id="oc-a2">
         <name>.text:I2CMasterInitExpClk</name>
         <load_address>0x4e5c</load_address>
         <run_address>0x4e5c</run_address>
         <size>0x28</size>
         <input_file_ref idref="fl-14d"/>
      </object_component>
      <object_component id="oc-170">
         <name>.text</name>
         <load_address>0x4e84</load_address>
         <run_address>0x4e84</run_address>
         <size>0x26</size>
         <input_file_ref idref="fl-142"/>
      </object_component>
      <object_component id="oc-cf">
         <name>.text:SysCtlPeripheralEnable</name>
         <load_address>0x4eac</load_address>
         <run_address>0x4eac</run_address>
         <size>0x20</size>
         <input_file_ref idref="fl-14a"/>
      </object_component>
      <object_component id="oc-164">
         <name>.text</name>
         <load_address>0x4ecc</load_address>
         <run_address>0x4ecc</run_address>
         <size>0x1c</size>
         <input_file_ref idref="fl-13f"/>
      </object_component>
      <object_component id="oc-2d">
         <name>.text</name>
         <load_address>0x4ee8</load_address>
         <run_address>0x4ee8</run_address>
         <size>0x18</size>
         <input_file_ref idref="fl-146"/>
      </object_component>
      <object_component id="oc-de">
         <name>.text:SysCtlDelay</name>
         <load_address>0x4f00</load_address>
         <run_address>0x4f00</run_address>
         <size>0x14</size>
         <input_file_ref idref="fl-14a"/>
      </object_component>
      <object_component id="oc-ef">
         <name>.text</name>
         <load_address>0x4f14</load_address>
         <run_address>0x4f14</run_address>
         <size>0x14</size>
         <input_file_ref idref="fl-145"/>
      </object_component>
      <object_component id="oc-158">
         <name>.text</name>
         <load_address>0x4f28</load_address>
         <run_address>0x4f28</run_address>
         <size>0x14</size>
         <input_file_ref idref="fl-141"/>
      </object_component>
      <object_component id="oc-12e">
         <name>.text:GPIOPinTypeGPIOInput</name>
         <load_address>0x4f3c</load_address>
         <run_address>0x4f3c</run_address>
         <size>0x12</size>
         <input_file_ref idref="fl-14e"/>
      </object_component>
      <object_component id="oc-d4">
         <name>.text:GPIOPinTypeGPIOOutput</name>
         <load_address>0x4f4e</load_address>
         <run_address>0x4f4e</run_address>
         <size>0x12</size>
         <input_file_ref idref="fl-14e"/>
      </object_component>
      <object_component id="oc-110">
         <name>.text:GPIOPinTypeI2C</name>
         <load_address>0x4f60</load_address>
         <run_address>0x4f60</run_address>
         <size>0x12</size>
         <input_file_ref idref="fl-14e"/>
      </object_component>
      <object_component id="oc-10b">
         <name>.text:GPIOPinTypeSSI</name>
         <load_address>0x4f72</load_address>
         <run_address>0x4f72</run_address>
         <size>0x12</size>
         <input_file_ref idref="fl-14e"/>
      </object_component>
      <object_component id="oc-133">
         <name>.text:SSIDataGetNonBlocking</name>
         <load_address>0x4f84</load_address>
         <run_address>0x4f84</run_address>
         <size>0x12</size>
         <input_file_ref idref="fl-14b"/>
      </object_component>
      <object_component id="oc-18">
         <name>.text:decompress:ZI</name>
         <load_address>0x4f96</load_address>
         <run_address>0x4f96</run_address>
         <size>0x12</size>
         <input_file_ref idref="fl-13a"/>
      </object_component>
      <object_component id="oc-160">
         <name>.text</name>
         <load_address>0x4fa8</load_address>
         <run_address>0x4fa8</run_address>
         <size>0x12</size>
         <input_file_ref idref="fl-140"/>
      </object_component>
      <object_component id="oc-1e7">
         <name>.text</name>
         <load_address>0x4fbc</load_address>
         <run_address>0x4fbc</run_address>
         <size>0x10</size>
         <input_file_ref idref="fl-13c"/>
      </object_component>
      <object_component id="oc-15c">
         <name>.text</name>
         <load_address>0x4fcc</load_address>
         <run_address>0x4fcc</run_address>
         <size>0x10</size>
         <input_file_ref idref="fl-144"/>
      </object_component>
      <object_component id="oc-14">
         <name>.text:decompress:none</name>
         <load_address>0x4fdc</load_address>
         <run_address>0x4fdc</run_address>
         <size>0xe</size>
         <input_file_ref idref="fl-138"/>
      </object_component>
      <object_component id="oc-217">
         <name>.text:CPUcpsid</name>
         <load_address>0x4fea</load_address>
         <run_address>0x4fea</run_address>
         <size>0xc</size>
         <input_file_ref idref="fl-14f"/>
      </object_component>
      <object_component id="oc-21c">
         <name>.text:CPUcpsie</name>
         <load_address>0x4ff6</load_address>
         <run_address>0x4ff6</run_address>
         <size>0xc</size>
         <input_file_ref idref="fl-14f"/>
      </object_component>
      <object_component id="oc-138">
         <name>.text:SSIDataGet</name>
         <load_address>0x5002</load_address>
         <run_address>0x5002</run_address>
         <size>0xc</size>
         <input_file_ref idref="fl-14b"/>
      </object_component>
      <object_component id="oc-21">
         <name>.text</name>
         <load_address>0x500e</load_address>
         <run_address>0x500e</run_address>
         <size>0xc</size>
         <input_file_ref idref="fl-5"/>
      </object_component>
      <object_component id="oc-14c">
         <name>.text:I2CMasterEnable</name>
         <load_address>0x501a</load_address>
         <run_address>0x501a</run_address>
         <size>0xa</size>
         <input_file_ref idref="fl-14d"/>
      </object_component>
      <object_component id="oc-1dd">
         <name>.text:IntMasterDisable</name>
         <load_address>0x5024</load_address>
         <run_address>0x5024</run_address>
         <size>0xa</size>
         <input_file_ref idref="fl-14c"/>
      </object_component>
      <object_component id="oc-1e2">
         <name>.text:IntMasterEnable</name>
         <load_address>0x502e</load_address>
         <run_address>0x502e</run_address>
         <size>0xa</size>
         <input_file_ref idref="fl-14c"/>
      </object_component>
      <object_component id="oc-124">
         <name>.text:SSIDataPut</name>
         <load_address>0x5038</load_address>
         <run_address>0x5038</run_address>
         <size>0xa</size>
         <input_file_ref idref="fl-14b"/>
      </object_component>
      <object_component id="oc-13d">
         <name>.text:SSIDisable</name>
         <load_address>0x5042</load_address>
         <run_address>0x5042</run_address>
         <size>0xa</size>
         <input_file_ref idref="fl-14b"/>
      </object_component>
      <object_component id="oc-11f">
         <name>.text:SSIEnable</name>
         <load_address>0x504c</load_address>
         <run_address>0x504c</run_address>
         <size>0xa</size>
         <input_file_ref idref="fl-14b"/>
      </object_component>
      <object_component id="oc-b6">
         <name>.text:I2CMasterBusy</name>
         <load_address>0x5056</load_address>
         <run_address>0x5056</run_address>
         <size>0x8</size>
         <input_file_ref idref="fl-14d"/>
      </object_component>
      <object_component id="oc-a7">
         <name>.text:I2CMasterSlaveAddrSet</name>
         <load_address>0x505e</load_address>
         <run_address>0x505e</run_address>
         <size>0x8</size>
         <input_file_ref idref="fl-14d"/>
      </object_component>
      <object_component id="oc-d9">
         <name>.text:GPIOPinWrite</name>
         <load_address>0x5066</load_address>
         <run_address>0x5066</run_address>
         <size>0x6</size>
         <input_file_ref idref="fl-14e"/>
      </object_component>
      <object_component id="oc-1c">
         <name>.text:decompress:rle24</name>
         <load_address>0x506c</load_address>
         <run_address>0x506c</run_address>
         <size>0x6</size>
         <input_file_ref idref="fl-139"/>
      </object_component>
      <object_component id="oc-b1">
         <name>.text:I2CMasterControl</name>
         <load_address>0x5072</load_address>
         <run_address>0x5072</run_address>
         <size>0x4</size>
         <input_file_ref idref="fl-14d"/>
      </object_component>
      <object_component id="oc-bb">
         <name>.text:I2CMasterDataGet</name>
         <load_address>0x5076</load_address>
         <run_address>0x5076</run_address>
         <size>0x4</size>
         <input_file_ref idref="fl-14d"/>
      </object_component>
      <object_component id="oc-ac">
         <name>.text:I2CMasterDataPut</name>
         <load_address>0x507a</load_address>
         <run_address>0x507a</run_address>
         <size>0x4</size>
         <input_file_ref idref="fl-14d"/>
      </object_component>
      <object_component id="oc-1c9">
         <name>.const:.string:_ctypes_</name>
         <load_address>0x5080</load_address>
         <run_address>0x5080</run_address>
         <size>0x101</size>
         <input_file_ref idref="fl-149"/>
      </object_component>
      <object_component id="oc-193">
         <name>.const:.string:ExCvt</name>
         <load_address>0x5184</load_address>
         <run_address>0x5184</run_address>
         <size>0x80</size>
         <input_file_ref idref="fl-2"/>
      </object_component>
      <object_component id="oc-148">
         <name>.const:g_pulXtals</name>
         <load_address>0x5204</load_address>
         <run_address>0x5204</run_address>
         <size>0x5c</size>
         <input_file_ref idref="fl-14a"/>
      </object_component>
      <object_component id="oc-1a8">
         <name>.const</name>
         <load_address>0x5260</load_address>
         <run_address>0x5260</run_address>
         <size>0x40</size>
         <input_file_ref idref="fl-14a"/>
      </object_component>
      <object_component id="oc-249">
         <name>.cinit..data.load</name>
         <load_address>0x52a0</load_address>
         <run_address>0x52a0</run_address>
         <size>0x16</size>
      </object_component>
      <object_component id="oc-247">
         <name>__TI_handler_table</name>
         <load_address>0x52b8</load_address>
         <run_address>0x52b8</run_address>
         <size>0xc</size>
      </object_component>
      <object_component id="oc-24a">
         <name>.cinit..bss.load</name>
         <load_address>0x52c8</load_address>
         <run_address>0x52c8</run_address>
         <size>0x8</size>
      </object_component>
      <object_component id="oc-248">
         <name>__TI_cinit_table</name>
         <load_address>0x52d0</load_address>
         <run_address>0x52d0</run_address>
         <size>0x10</size>
      </object_component>
      <object_component id="oc-35">
         <name>.data</name>
         <load_address>0x200006a0</load_address>
         <run_address>0x200006a0</run_address>
         <size>0x4</size>
         <input_file_ref idref="fl-13e"/>
      </object_component>
      <object_component id="oc-6b">
         <name>.data</name>
         <load_address>0x20000690</load_address>
         <run_address>0x20000690</run_address>
         <size>0x8</size>
         <input_file_ref idref="fl-145"/>
      </object_component>
      <object_component id="oc-6d">
         <name>.data</name>
         <load_address>0x20000698</load_address>
         <run_address>0x20000698</run_address>
         <size>0x8</size>
         <input_file_ref idref="fl-13b"/>
      </object_component>
      <object_component id="oc-180">
         <name>.data</name>
         <load_address>0x20000680</load_address>
         <run_address>0x20000680</run_address>
         <size>0xd</size>
         <input_file_ref idref="fl-6"/>
      </object_component>
      <object_component id="oc-16c">
         <name>.bss:fatfs</name>
         <uninitialized>true</uninitialized>
         <run_address>0x20000000</run_address>
         <size>0x234</size>
         <input_file_ref idref="fl-7"/>
      </object_component>
      <object_component id="oc-16e">
         <name>.bss:fileobj</name>
         <uninitialized>true</uninitialized>
         <run_address>0x20000234</run_address>
         <size>0x224</size>
         <input_file_ref idref="fl-7"/>
      </object_component>
      <object_component id="oc-195">
         <name>.bss</name>
         <uninitialized>true</uninitialized>
         <run_address>0x20000474</run_address>
         <size>0x6</size>
         <input_file_ref idref="fl-2"/>
      </object_component>
      <object_component id="oc-1b4">
         <name>.bss</name>
         <uninitialized>true</uninitialized>
         <run_address>0x2000047c</run_address>
         <size>0x4</size>
         <input_file_ref idref="fl-14a"/>
      </object_component>
      <object_component id="oc-1eb">
         <name>.bss</name>
         <uninitialized>true</uninitialized>
         <run_address>0x20000458</run_address>
         <size>0x1c</size>
         <input_file_ref idref="fl-4"/>
      </object_component>
      <object_component id="oc-20">
         <name>.stack</name>
         <uninitialized>true</uninitialized>
         <run_address>0x20000480</run_address>
         <size>0x0</size>
         <input_file_ref idref="fl-137"/>
      </object_component>
      <object_component id="oc-24b">
         <name>.stack</name>
         <uninitialized>true</uninitialized>
         <run_address>0x20000480</run_address>
         <size>0x0</size>
      </object_component>
      <object_component id="oc-f">
         <name>.debug_info</name>
         <load_address>0x0</load_address>
         <run_address>0x0</run_address>
         <size>0xdc</size>
         <input_file_ref idref="fl-5"/>
      </object_component>
      <object_component id="oc-11">
         <name>.debug_info</name>
         <load_address>0xdc</load_address>
         <run_address>0xdc</run_address>
         <size>0xf4</size>
         <input_file_ref idref="fl-137"/>
      </object_component>
      <object_component id="oc-15">
         <name>.debug_info</name>
         <load_address>0x1d0</load_address>
         <run_address>0x1d0</run_address>
         <size>0x159</size>
         <input_file_ref idref="fl-138"/>
      </object_component>
      <object_component id="oc-19">
         <name>.debug_info</name>
         <load_address>0x329</load_address>
         <run_address>0x329</run_address>
         <size>0x193</size>
         <input_file_ref idref="fl-13a"/>
      </object_component>
      <object_component id="oc-1d">
         <name>.debug_info</name>
         <load_address>0x4bc</load_address>
         <run_address>0x4bc</run_address>
         <size>0x16a</size>
         <input_file_ref idref="fl-139"/>
      </object_component>
      <object_component id="oc-22">
         <name>.debug_info</name>
         <load_address>0x626</load_address>
         <run_address>0x626</run_address>
         <size>0x32b</size>
         <input_file_ref idref="fl-5"/>
      </object_component>
      <object_component id="oc-28">
         <name>.debug_info</name>
         <load_address>0x951</load_address>
         <run_address>0x951</run_address>
         <size>0xf1</size>
         <input_file_ref idref="fl-5"/>
      </object_component>
      <object_component id="oc-2a">
         <name>.debug_info</name>
         <load_address>0xa42</load_address>
         <run_address>0xa42</run_address>
         <size>0x13f</size>
         <input_file_ref idref="fl-147"/>
      </object_component>
      <object_component id="oc-2e">
         <name>.debug_info</name>
         <load_address>0xb81</load_address>
         <run_address>0xb81</run_address>
         <size>0xfe</size>
         <input_file_ref idref="fl-146"/>
      </object_component>
      <object_component id="oc-32">
         <name>.debug_info</name>
         <load_address>0xc7f</load_address>
         <run_address>0xc7f</run_address>
         <size>0x205</size>
         <input_file_ref idref="fl-13b"/>
      </object_component>
      <object_component id="oc-36">
         <name>.debug_info</name>
         <load_address>0xe84</load_address>
         <run_address>0xe84</run_address>
         <size>0xbe</size>
         <input_file_ref idref="fl-13e"/>
      </object_component>
      <object_component id="oc-39">
         <name>.debug_info</name>
         <load_address>0xf42</load_address>
         <run_address>0xf42</run_address>
         <size>0xcd</size>
         <input_file_ref idref="fl-13d"/>
      </object_component>
      <object_component id="oc-3d">
         <name>.debug_info</name>
         <load_address>0x100f</load_address>
         <run_address>0x100f</run_address>
         <size>0x46</size>
         <input_file_ref idref="fl-138"/>
      </object_component>
      <object_component id="oc-43">
         <name>.debug_info</name>
         <load_address>0x1055</load_address>
         <run_address>0x1055</run_address>
         <size>0x46</size>
         <input_file_ref idref="fl-13a"/>
      </object_component>
      <object_component id="oc-49">
         <name>.debug_info</name>
         <load_address>0x109b</load_address>
         <run_address>0x109b</run_address>
         <size>0x318</size>
         <input_file_ref idref="fl-139"/>
      </object_component>
      <object_component id="oc-4d">
         <name>.debug_info</name>
         <load_address>0x13b3</load_address>
         <run_address>0x13b3</run_address>
         <size>0xb2</size>
         <input_file_ref idref="fl-139"/>
      </object_component>
      <object_component id="oc-4e">
         <name>.debug_info</name>
         <load_address>0x1465</load_address>
         <run_address>0x1465</run_address>
         <size>0x39</size>
         <input_file_ref idref="fl-139"/>
      </object_component>
      <object_component id="oc-56">
         <name>.debug_info</name>
         <load_address>0x149e</load_address>
         <run_address>0x149e</run_address>
         <size>0x89</size>
         <input_file_ref idref="fl-5"/>
      </object_component>
      <object_component id="oc-5c">
         <name>.debug_info</name>
         <load_address>0x1527</load_address>
         <run_address>0x1527</run_address>
         <size>0x191</size>
         <input_file_ref idref="fl-148"/>
      </object_component>
      <object_component id="oc-61">
         <name>.debug_info</name>
         <load_address>0x16b8</load_address>
         <run_address>0x16b8</run_address>
         <size>0x51a</size>
         <input_file_ref idref="fl-8"/>
      </object_component>
      <object_component id="oc-66">
         <name>.debug_info</name>
         <load_address>0x1bd2</load_address>
         <run_address>0x1bd2</run_address>
         <size>0x90</size>
         <input_file_ref idref="fl-146"/>
      </object_component>
      <object_component id="oc-6c">
         <name>.debug_info</name>
         <load_address>0x1c62</load_address>
         <run_address>0x1c62</run_address>
         <size>0xc8</size>
         <input_file_ref idref="fl-145"/>
      </object_component>
      <object_component id="oc-6e">
         <name>.debug_info</name>
         <load_address>0x1d2a</load_address>
         <run_address>0x1d2a</run_address>
         <size>0xdb</size>
         <input_file_ref idref="fl-13b"/>
      </object_component>
      <object_component id="oc-70">
         <name>.debug_info</name>
         <load_address>0x1e05</load_address>
         <run_address>0x1e05</run_address>
         <size>0x89</size>
         <input_file_ref idref="fl-138"/>
      </object_component>
      <object_component id="oc-77">
         <name>.debug_info</name>
         <load_address>0x1e8e</load_address>
         <run_address>0x1e8e</run_address>
         <size>0x83</size>
         <input_file_ref idref="fl-13e"/>
      </object_component>
      <object_component id="oc-7d">
         <name>.debug_info</name>
         <load_address>0x1f11</load_address>
         <run_address>0x1f11</run_address>
         <size>0x46</size>
         <input_file_ref idref="fl-138"/>
      </object_component>
      <object_component id="oc-82">
         <name>.debug_info</name>
         <load_address>0x1f57</load_address>
         <run_address>0x1f57</run_address>
         <size>0xe8</size>
         <input_file_ref idref="fl-138"/>
      </object_component>
      <object_component id="oc-83">
         <name>.debug_info</name>
         <load_address>0x203f</load_address>
         <run_address>0x203f</run_address>
         <size>0x2c</size>
         <input_file_ref idref="fl-139"/>
      </object_component>
      <object_component id="oc-88">
         <name>.debug_info</name>
         <load_address>0x206b</load_address>
         <run_address>0x206b</run_address>
         <size>0xa8</size>
         <input_file_ref idref="fl-13a"/>
      </object_component>
      <object_component id="oc-8a">
         <name>.debug_info</name>
         <load_address>0x2113</load_address>
         <run_address>0x2113</run_address>
         <size>0x84</size>
         <input_file_ref idref="fl-139"/>
      </object_component>
      <object_component id="oc-92">
         <name>.debug_info</name>
         <load_address>0x2197</load_address>
         <run_address>0x2197</run_address>
         <size>0x143</size>
         <input_file_ref idref="fl-148"/>
      </object_component>
      <object_component id="oc-94">
         <name>.debug_info</name>
         <load_address>0x22da</load_address>
         <run_address>0x22da</run_address>
         <size>0x338</size>
         <input_file_ref idref="fl-14a"/>
      </object_component>
      <object_component id="oc-99">
         <name>.debug_info</name>
         <load_address>0x2612</load_address>
         <run_address>0x2612</run_address>
         <size>0x8ec</size>
         <input_file_ref idref="fl-9"/>
      </object_component>
      <object_component id="oc-9e">
         <name>.debug_info</name>
         <load_address>0x2efe</load_address>
         <run_address>0x2efe</run_address>
         <size>0x22a</size>
         <input_file_ref idref="fl-14a"/>
      </object_component>
      <object_component id="oc-a3">
         <name>.debug_info</name>
         <load_address>0x3128</load_address>
         <run_address>0x3128</run_address>
         <size>0x289</size>
         <input_file_ref idref="fl-14d"/>
      </object_component>
      <object_component id="oc-a8">
         <name>.debug_info</name>
         <load_address>0x33b1</load_address>
         <run_address>0x33b1</run_address>
         <size>0x277</size>
         <input_file_ref idref="fl-14d"/>
      </object_component>
      <object_component id="oc-ad">
         <name>.debug_info</name>
         <load_address>0x3628</load_address>
         <run_address>0x3628</run_address>
         <size>0x227</size>
         <input_file_ref idref="fl-14d"/>
      </object_component>
      <object_component id="oc-b2">
         <name>.debug_info</name>
         <load_address>0x384f</load_address>
         <run_address>0x384f</run_address>
         <size>0x223</size>
         <input_file_ref idref="fl-14d"/>
      </object_component>
      <object_component id="oc-b7">
         <name>.debug_info</name>
         <load_address>0x3a72</load_address>
         <run_address>0x3a72</run_address>
         <size>0x1fb</size>
         <input_file_ref idref="fl-14d"/>
      </object_component>
      <object_component id="oc-bc">
         <name>.debug_info</name>
         <load_address>0x3c6d</load_address>
         <run_address>0x3c6d</run_address>
         <size>0x201</size>
         <input_file_ref idref="fl-14d"/>
      </object_component>
      <object_component id="oc-c1">
         <name>.debug_info</name>
         <load_address>0x3e6e</load_address>
         <run_address>0x3e6e</run_address>
         <size>0x1c82</size>
         <input_file_ref idref="fl-7"/>
      </object_component>
      <object_component id="oc-c6">
         <name>.debug_info</name>
         <load_address>0x5af0</load_address>
         <run_address>0x5af0</run_address>
         <size>0x1853</size>
         <input_file_ref idref="fl-6"/>
      </object_component>
      <object_component id="oc-cb">
         <name>.debug_info</name>
         <load_address>0x7343</load_address>
         <run_address>0x7343</run_address>
         <size>0x4703</size>
         <input_file_ref idref="fl-2"/>
      </object_component>
      <object_component id="oc-d0">
         <name>.debug_info</name>
         <load_address>0xba46</load_address>
         <run_address>0xba46</run_address>
         <size>0x22a</size>
         <input_file_ref idref="fl-14a"/>
      </object_component>
      <object_component id="oc-d5">
         <name>.debug_info</name>
         <load_address>0xbc70</load_address>
         <run_address>0xbc70</run_address>
         <size>0x236</size>
         <input_file_ref idref="fl-14e"/>
      </object_component>
      <object_component id="oc-da">
         <name>.debug_info</name>
         <load_address>0xbea6</load_address>
         <run_address>0xbea6</run_address>
         <size>0x248</size>
         <input_file_ref idref="fl-14e"/>
      </object_component>
      <object_component id="oc-df">
         <name>.debug_info</name>
         <load_address>0xc0ee</load_address>
         <run_address>0xc0ee</run_address>
         <size>0x200</size>
         <input_file_ref idref="fl-14a"/>
      </object_component>
      <object_component id="oc-e4">
         <name>.debug_info</name>
         <load_address>0xc2ee</load_address>
         <run_address>0xc2ee</run_address>
         <size>0x90</size>
         <input_file_ref idref="fl-2"/>
      </object_component>
      <object_component id="oc-e9">
         <name>.debug_info</name>
         <load_address>0xc37e</load_address>
         <run_address>0xc37e</run_address>
         <size>0x472</size>
         <input_file_ref idref="fl-8"/>
      </object_component>
      <object_component id="oc-ea">
         <name>.debug_info</name>
         <load_address>0xc7f0</load_address>
         <run_address>0xc7f0</run_address>
         <size>0x4c5</size>
         <input_file_ref idref="fl-8"/>
      </object_component>
      <object_component id="oc-f0">
         <name>.debug_info</name>
         <load_address>0xccb5</load_address>
         <run_address>0xccb5</run_address>
         <size>0x1ba</size>
         <input_file_ref idref="fl-145"/>
      </object_component>
      <object_component id="oc-f5">
         <name>.debug_info</name>
         <load_address>0xce6f</load_address>
         <run_address>0xce6f</run_address>
         <size>0xd4</size>
         <input_file_ref idref="fl-145"/>
      </object_component>
      <object_component id="oc-f8">
         <name>.debug_info</name>
         <load_address>0xcf43</load_address>
         <run_address>0xcf43</run_address>
         <size>0x131</size>
         <input_file_ref idref="fl-13b"/>
      </object_component>
      <object_component id="oc-ff">
         <name>.debug_info</name>
         <load_address>0xd074</load_address>
         <run_address>0xd074</run_address>
         <size>0xcd</size>
         <input_file_ref idref="fl-148"/>
      </object_component>
      <object_component id="oc-104">
         <name>.debug_info</name>
         <load_address>0xd141</load_address>
         <run_address>0xd141</run_address>
         <size>0x84</size>
         <input_file_ref idref="fl-14a"/>
      </object_component>
      <object_component id="oc-108">
         <name>.debug_info</name>
         <load_address>0xd1c5</load_address>
         <run_address>0xd1c5</run_address>
         <size>0x4c0</size>
         <input_file_ref idref="fl-14a"/>
      </object_component>
      <object_component id="oc-10c">
         <name>.debug_info</name>
         <load_address>0xd685</load_address>
         <run_address>0xd685</run_address>
         <size>0x228</size>
         <input_file_ref idref="fl-14e"/>
      </object_component>
      <object_component id="oc-111">
         <name>.debug_info</name>
         <load_address>0xd8ad</load_address>
         <run_address>0xd8ad</run_address>
         <size>0x228</size>
         <input_file_ref idref="fl-14e"/>
      </object_component>
      <object_component id="oc-116">
         <name>.debug_info</name>
         <load_address>0xdad5</load_address>
         <run_address>0xdad5</run_address>
         <size>0x2e6</size>
         <input_file_ref idref="fl-14a"/>
      </object_component>
      <object_component id="oc-11b">
         <name>.debug_info</name>
         <load_address>0xddbb</load_address>
         <run_address>0xddbb</run_address>
         <size>0x3ea</size>
         <input_file_ref idref="fl-14b"/>
      </object_component>
      <object_component id="oc-120">
         <name>.debug_info</name>
         <load_address>0xe1a5</load_address>
         <run_address>0xe1a5</run_address>
         <size>0x1ec</size>
         <input_file_ref idref="fl-14b"/>
      </object_component>
      <object_component id="oc-125">
         <name>.debug_info</name>
         <load_address>0xe391</load_address>
         <run_address>0xe391</run_address>
         <size>0x2be</size>
         <input_file_ref idref="fl-14b"/>
      </object_component>
      <object_component id="oc-12a">
         <name>.debug_info</name>
         <load_address>0xe64f</load_address>
         <run_address>0xe64f</run_address>
         <size>0x29a</size>
         <input_file_ref idref="fl-14e"/>
      </object_component>
      <object_component id="oc-12f">
         <name>.debug_info</name>
         <load_address>0xe8e9</load_address>
         <run_address>0xe8e9</run_address>
         <size>0x234</size>
         <input_file_ref idref="fl-14e"/>
      </object_component>
      <object_component id="oc-134">
         <name>.debug_info</name>
         <load_address>0xeb1d</load_address>
         <run_address>0xeb1d</run_address>
         <size>0x239</size>
         <input_file_ref idref="fl-14b"/>
      </object_component>
      <object_component id="oc-139">
         <name>.debug_info</name>
         <load_address>0xed56</load_address>
         <run_address>0xed56</run_address>
         <size>0x2c3</size>
         <input_file_ref idref="fl-14b"/>
      </object_component>
      <object_component id="oc-13e">
         <name>.debug_info</name>
         <load_address>0xf019</load_address>
         <run_address>0xf019</run_address>
         <size>0x1ee</size>
         <input_file_ref idref="fl-14b"/>
      </object_component>
      <object_component id="oc-143">
         <name>.debug_info</name>
         <load_address>0xf207</load_address>
         <run_address>0xf207</run_address>
         <size>0x84</size>
         <input_file_ref idref="fl-9"/>
      </object_component>
      <object_component id="oc-149">
         <name>.debug_info</name>
         <load_address>0xf28b</load_address>
         <run_address>0xf28b</run_address>
         <size>0x12c</size>
         <input_file_ref idref="fl-14a"/>
      </object_component>
      <object_component id="oc-14d">
         <name>.debug_info</name>
         <load_address>0xf3b7</load_address>
         <run_address>0xf3b7</run_address>
         <size>0x1f8</size>
         <input_file_ref idref="fl-14d"/>
      </object_component>
      <object_component id="oc-151">
         <name>.debug_info</name>
         <load_address>0xf5af</load_address>
         <run_address>0xf5af</run_address>
         <size>0x2c</size>
         <input_file_ref idref="fl-14a"/>
      </object_component>
      <object_component id="oc-155">
         <name>.debug_info</name>
         <load_address>0xf5db</load_address>
         <run_address>0xf5db</run_address>
         <size>0x486</size>
         <input_file_ref idref="fl-14d"/>
      </object_component>
      <object_component id="oc-159">
         <name>.debug_info</name>
         <load_address>0xfa61</load_address>
         <run_address>0xfa61</run_address>
         <size>0x194</size>
         <input_file_ref idref="fl-141"/>
      </object_component>
      <object_component id="oc-15d">
         <name>.debug_info</name>
         <load_address>0xfbf5</load_address>
         <run_address>0xfbf5</run_address>
         <size>0xf7</size>
         <input_file_ref idref="fl-144"/>
      </object_component>
      <object_component id="oc-161">
         <name>.debug_info</name>
         <load_address>0xfcec</load_address>
         <run_address>0xfcec</run_address>
         <size>0x19f</size>
         <input_file_ref idref="fl-140"/>
      </object_component>
      <object_component id="oc-165">
         <name>.debug_info</name>
         <load_address>0xfe8b</load_address>
         <run_address>0xfe8b</run_address>
         <size>0x21e</size>
         <input_file_ref idref="fl-13f"/>
      </object_component>
      <object_component id="oc-169">
         <name>.debug_info</name>
         <load_address>0x100a9</load_address>
         <run_address>0x100a9</run_address>
         <size>0x217</size>
         <input_file_ref idref="fl-143"/>
      </object_component>
      <object_component id="oc-16d">
         <name>.debug_info</name>
         <load_address>0x102c0</load_address>
         <run_address>0x102c0</run_address>
         <size>0xc6</size>
         <input_file_ref idref="fl-7"/>
      </object_component>
      <object_component id="oc-16f">
         <name>.debug_info</name>
         <load_address>0x10386</load_address>
         <run_address>0x10386</run_address>
         <size>0xca</size>
         <input_file_ref idref="fl-7"/>
      </object_component>
      <object_component id="oc-171">
         <name>.debug_info</name>
         <load_address>0x10450</load_address>
         <run_address>0x10450</run_address>
         <size>0x1c6</size>
         <input_file_ref idref="fl-142"/>
      </object_component>
      <object_component id="oc-175">
         <name>.debug_info</name>
         <load_address>0x10616</load_address>
         <run_address>0x10616</run_address>
         <size>0x2ec</size>
         <input_file_ref idref="fl-4"/>
      </object_component>
      <object_component id="oc-17a">
         <name>.debug_info</name>
         <load_address>0x10902</load_address>
         <run_address>0x10902</run_address>
         <size>0x476</size>
         <input_file_ref idref="fl-7"/>
      </object_component>
      <object_component id="oc-17b">
         <name>.debug_info</name>
         <load_address>0x10d78</load_address>
         <run_address>0x10d78</run_address>
         <size>0x4c5</size>
         <input_file_ref idref="fl-7"/>
      </object_component>
      <object_component id="oc-181">
         <name>.debug_info</name>
         <load_address>0x1123d</load_address>
         <run_address>0x1123d</run_address>
         <size>0x122</size>
         <input_file_ref idref="fl-6"/>
      </object_component>
      <object_component id="oc-183">
         <name>.debug_info</name>
         <load_address>0x1135f</load_address>
         <run_address>0x1135f</run_address>
         <size>0xbb</size>
         <input_file_ref idref="fl-2"/>
      </object_component>
      <object_component id="oc-188">
         <name>.debug_info</name>
         <load_address>0x1141a</load_address>
         <run_address>0x1141a</run_address>
         <size>0x1f6</size>
         <input_file_ref idref="fl-6"/>
      </object_component>
      <object_component id="oc-189">
         <name>.debug_info</name>
         <load_address>0x11610</load_address>
         <run_address>0x11610</run_address>
         <size>0x70</size>
         <input_file_ref idref="fl-6"/>
      </object_component>
      <object_component id="oc-18e">
         <name>.debug_info</name>
         <load_address>0x11680</load_address>
         <run_address>0x11680</run_address>
         <size>0xc2</size>
         <input_file_ref idref="fl-4"/>
      </object_component>
      <object_component id="oc-194">
         <name>.debug_info</name>
         <load_address>0x11742</load_address>
         <run_address>0x11742</run_address>
         <size>0xcb</size>
         <input_file_ref idref="fl-2"/>
      </object_component>
      <object_component id="oc-196">
         <name>.debug_info</name>
         <load_address>0x1180d</load_address>
         <run_address>0x1180d</run_address>
         <size>0xe4</size>
         <input_file_ref idref="fl-2"/>
      </object_component>
      <object_component id="oc-198">
         <name>.debug_info</name>
         <load_address>0x118f1</load_address>
         <run_address>0x118f1</run_address>
         <size>0x2cf</size>
         <input_file_ref idref="fl-2"/>
      </object_component>
      <object_component id="oc-199">
         <name>.debug_info</name>
         <load_address>0x11bc0</load_address>
         <run_address>0x11bc0</run_address>
         <size>0x4c5</size>
         <input_file_ref idref="fl-2"/>
      </object_component>
      <object_component id="oc-19e">
         <name>.debug_info</name>
         <load_address>0x12085</load_address>
         <run_address>0x12085</run_address>
         <size>0x70</size>
         <input_file_ref idref="fl-2"/>
      </object_component>
      <object_component id="oc-1a3">
         <name>.debug_info</name>
         <load_address>0x120f5</load_address>
         <run_address>0x120f5</run_address>
         <size>0x4e</size>
         <input_file_ref idref="fl-2"/>
      </object_component>
      <object_component id="oc-1a9">
         <name>.debug_info</name>
         <load_address>0x12143</load_address>
         <run_address>0x12143</run_address>
         <size>0x1d6</size>
         <input_file_ref idref="fl-14a"/>
      </object_component>
      <object_component id="oc-1ad">
         <name>.debug_info</name>
         <load_address>0x12319</load_address>
         <run_address>0x12319</run_address>
         <size>0x251</size>
         <input_file_ref idref="fl-14e"/>
      </object_component>
      <object_component id="oc-1b1">
         <name>.debug_info</name>
         <load_address>0x1256a</load_address>
         <run_address>0x1256a</run_address>
         <size>0x4a1</size>
         <input_file_ref idref="fl-14e"/>
      </object_component>
      <object_component id="oc-1b5">
         <name>.debug_info</name>
         <load_address>0x12a0b</load_address>
         <run_address>0x12a0b</run_address>
         <size>0x148</size>
         <input_file_ref idref="fl-14a"/>
      </object_component>
      <object_component id="oc-1ba">
         <name>.debug_info</name>
         <load_address>0x12b53</load_address>
         <run_address>0x12b53</run_address>
         <size>0x2c</size>
         <input_file_ref idref="fl-4"/>
      </object_component>
      <object_component id="oc-1c4">
         <name>.debug_info</name>
         <load_address>0x12b7f</load_address>
         <run_address>0x12b7f</run_address>
         <size>0x48c</size>
         <input_file_ref idref="fl-14b"/>
      </object_component>
      <object_component id="oc-1c8">
         <name>.debug_info</name>
         <load_address>0x1300b</load_address>
         <run_address>0x1300b</run_address>
         <size>0x9a</size>
         <input_file_ref idref="fl-141"/>
      </object_component>
      <object_component id="oc-1ca">
         <name>.debug_info</name>
         <load_address>0x130a5</load_address>
         <run_address>0x130a5</run_address>
         <size>0xaf</size>
         <input_file_ref idref="fl-149"/>
      </object_component>
      <object_component id="oc-1cd">
         <name>.debug_info</name>
         <load_address>0x13154</load_address>
         <run_address>0x13154</run_address>
         <size>0xa0</size>
         <input_file_ref idref="fl-140"/>
      </object_component>
      <object_component id="oc-1cf">
         <name>.debug_info</name>
         <load_address>0x131f4</load_address>
         <run_address>0x131f4</run_address>
         <size>0xa0</size>
         <input_file_ref idref="fl-13f"/>
      </object_component>
      <object_component id="oc-1d1">
         <name>.debug_info</name>
         <load_address>0x13294</load_address>
         <run_address>0x13294</run_address>
         <size>0xa1</size>
         <input_file_ref idref="fl-143"/>
      </object_component>
      <object_component id="oc-1d7">
         <name>.debug_info</name>
         <load_address>0x13335</load_address>
         <run_address>0x13335</run_address>
         <size>0x8b</size>
         <input_file_ref idref="fl-13f"/>
      </object_component>
      <object_component id="oc-1dc">
         <name>.debug_info</name>
         <load_address>0x133c0</load_address>
         <run_address>0x133c0</run_address>
         <size>0x9b</size>
         <input_file_ref idref="fl-142"/>
      </object_component>
      <object_component id="oc-1de">
         <name>.debug_info</name>
         <load_address>0x1345b</load_address>
         <run_address>0x1345b</run_address>
         <size>0x1f5</size>
         <input_file_ref idref="fl-14c"/>
      </object_component>
      <object_component id="oc-1e3">
         <name>.debug_info</name>
         <load_address>0x13650</load_address>
         <run_address>0x13650</run_address>
         <size>0x1f3</size>
         <input_file_ref idref="fl-14c"/>
      </object_component>
      <object_component id="oc-1e8">
         <name>.debug_info</name>
         <load_address>0x13843</load_address>
         <run_address>0x13843</run_address>
         <size>0xf7</size>
         <input_file_ref idref="fl-13c"/>
      </object_component>
      <object_component id="oc-1ec">
         <name>.debug_info</name>
         <load_address>0x1393a</load_address>
         <run_address>0x1393a</run_address>
         <size>0xce</size>
         <input_file_ref idref="fl-4"/>
      </object_component>
      <object_component id="oc-1ee">
         <name>.debug_info</name>
         <load_address>0x13a08</load_address>
         <run_address>0x13a08</run_address>
         <size>0x187</size>
         <input_file_ref idref="fl-4"/>
      </object_component>
      <object_component id="oc-1ef">
         <name>.debug_info</name>
         <load_address>0x13b8f</load_address>
         <run_address>0x13b8f</run_address>
         <size>0x8b</size>
         <input_file_ref idref="fl-3"/>
      </object_component>
      <object_component id="oc-1f6">
         <name>.debug_info</name>
         <load_address>0x13c1a</load_address>
         <run_address>0x13c1a</run_address>
         <size>0xf6</size>
         <input_file_ref idref="fl-7"/>
      </object_component>
      <object_component id="oc-1ff">
         <name>.debug_info</name>
         <load_address>0x13d10</load_address>
         <run_address>0x13d10</run_address>
         <size>0x4c5</size>
         <input_file_ref idref="fl-6"/>
      </object_component>
      <object_component id="oc-20e">
         <name>.debug_info</name>
         <load_address>0x141d5</load_address>
         <run_address>0x141d5</run_address>
         <size>0xa3</size>
         <input_file_ref idref="fl-149"/>
      </object_component>
      <object_component id="oc-218">
         <name>.debug_info</name>
         <load_address>0x14278</load_address>
         <run_address>0x14278</run_address>
         <size>0x1c4</size>
         <input_file_ref idref="fl-14f"/>
      </object_component>
      <object_component id="oc-21d">
         <name>.debug_info</name>
         <load_address>0x1443c</load_address>
         <run_address>0x1443c</run_address>
         <size>0x1c4</size>
         <input_file_ref idref="fl-14f"/>
      </object_component>
      <object_component id="oc-226">
         <name>.debug_info</name>
         <load_address>0x14600</load_address>
         <run_address>0x14600</run_address>
         <size>0x2c</size>
         <input_file_ref idref="fl-4"/>
      </object_component>
      <object_component id="oc-24c">
         <name>.debug_info</name>
         <load_address>0x1462c</load_address>
         <run_address>0x1462c</run_address>
         <size>0xa3</size>
      </object_component>
      <object_component id="oc-12">
         <name>.debug_line</name>
         <load_address>0x0</load_address>
         <run_address>0x0</run_address>
         <size>0x49</size>
         <input_file_ref idref="fl-137"/>
      </object_component>
      <object_component id="oc-16">
         <name>.debug_line</name>
         <load_address>0x49</load_address>
         <run_address>0x49</run_address>
         <size>0x4d</size>
         <input_file_ref idref="fl-138"/>
      </object_component>
      <object_component id="oc-1a">
         <name>.debug_line</name>
         <load_address>0x96</load_address>
         <run_address>0x96</run_address>
         <size>0x4c</size>
         <input_file_ref idref="fl-13a"/>
      </object_component>
      <object_component id="oc-1e">
         <name>.debug_line</name>
         <load_address>0xe2</load_address>
         <run_address>0xe2</run_address>
         <size>0x4c</size>
         <input_file_ref idref="fl-139"/>
      </object_component>
      <object_component id="oc-23">
         <name>.debug_line</name>
         <load_address>0x12e</load_address>
         <run_address>0x12e</run_address>
         <size>0x94</size>
         <input_file_ref idref="fl-5"/>
      </object_component>
      <object_component id="oc-27">
         <name>.debug_line</name>
         <load_address>0x1c2</load_address>
         <run_address>0x1c2</run_address>
         <size>0x34</size>
         <input_file_ref idref="fl-5"/>
      </object_component>
      <object_component id="oc-2b">
         <name>.debug_line</name>
         <load_address>0x1f6</load_address>
         <run_address>0x1f6</run_address>
         <size>0x87</size>
         <input_file_ref idref="fl-147"/>
      </object_component>
      <object_component id="oc-2f">
         <name>.debug_line</name>
         <load_address>0x27d</load_address>
         <run_address>0x27d</run_address>
         <size>0x42</size>
         <input_file_ref idref="fl-146"/>
      </object_component>
      <object_component id="oc-33">
         <name>.debug_line</name>
         <load_address>0x2bf</load_address>
         <run_address>0x2bf</run_address>
         <size>0x71</size>
         <input_file_ref idref="fl-13b"/>
      </object_component>
      <object_component id="oc-3a">
         <name>.debug_line</name>
         <load_address>0x330</load_address>
         <run_address>0x330</run_address>
         <size>0x88</size>
         <input_file_ref idref="fl-13d"/>
      </object_component>
      <object_component id="oc-3f">
         <name>.debug_line</name>
         <load_address>0x3b8</load_address>
         <run_address>0x3b8</run_address>
         <size>0x3a</size>
         <input_file_ref idref="fl-138"/>
      </object_component>
      <object_component id="oc-45">
         <name>.debug_line</name>
         <load_address>0x3f2</load_address>
         <run_address>0x3f2</run_address>
         <size>0x34</size>
         <input_file_ref idref="fl-13a"/>
      </object_component>
      <object_component id="oc-4a">
         <name>.debug_line</name>
         <load_address>0x426</load_address>
         <run_address>0x426</run_address>
         <size>0x58</size>
         <input_file_ref idref="fl-139"/>
      </object_component>
      <object_component id="oc-50">
         <name>.debug_line</name>
         <load_address>0x47e</load_address>
         <run_address>0x47e</run_address>
         <size>0x39</size>
         <input_file_ref idref="fl-139"/>
      </object_component>
      <object_component id="oc-55">
         <name>.debug_line</name>
         <load_address>0x4b7</load_address>
         <run_address>0x4b7</run_address>
         <size>0x34</size>
         <input_file_ref idref="fl-5"/>
      </object_component>
      <object_component id="oc-58">
         <name>.debug_line</name>
         <load_address>0x4eb</load_address>
         <run_address>0x4eb</run_address>
         <size>0x20</size>
         <input_file_ref idref="fl-5"/>
      </object_component>
      <object_component id="oc-5d">
         <name>.debug_line</name>
         <load_address>0x50b</load_address>
         <run_address>0x50b</run_address>
         <size>0x43</size>
         <input_file_ref idref="fl-148"/>
      </object_component>
      <object_component id="oc-62">
         <name>.debug_line</name>
         <load_address>0x54e</load_address>
         <run_address>0x54e</run_address>
         <size>0x85</size>
         <input_file_ref idref="fl-8"/>
      </object_component>
      <object_component id="oc-68">
         <name>.debug_line</name>
         <load_address>0x5d3</load_address>
         <run_address>0x5d3</run_address>
         <size>0x20</size>
         <input_file_ref idref="fl-146"/>
      </object_component>
      <object_component id="oc-72">
         <name>.debug_line</name>
         <load_address>0x5f3</load_address>
         <run_address>0x5f3</run_address>
         <size>0x20</size>
         <input_file_ref idref="fl-138"/>
      </object_component>
      <object_component id="oc-76">
         <name>.debug_line</name>
         <load_address>0x613</load_address>
         <run_address>0x613</run_address>
         <size>0x33</size>
         <input_file_ref idref="fl-13e"/>
      </object_component>
      <object_component id="oc-79">
         <name>.debug_line</name>
         <load_address>0x646</load_address>
         <run_address>0x646</run_address>
         <size>0x20</size>
         <input_file_ref idref="fl-13e"/>
      </object_component>
      <object_component id="oc-7f">
         <name>.debug_line</name>
         <load_address>0x666</load_address>
         <run_address>0x666</run_address>
         <size>0x44</size>
         <input_file_ref idref="fl-138"/>
      </object_component>
      <object_component id="oc-85">
         <name>.debug_line</name>
         <load_address>0x6aa</load_address>
         <run_address>0x6aa</run_address>
         <size>0x44</size>
         <input_file_ref idref="fl-139"/>
      </object_component>
      <object_component id="oc-8c">
         <name>.debug_line</name>
         <load_address>0x6ee</load_address>
         <run_address>0x6ee</run_address>
         <size>0x20</size>
         <input_file_ref idref="fl-139"/>
      </object_component>
      <object_component id="oc-90">
         <name>.debug_line</name>
         <load_address>0x70e</load_address>
         <run_address>0x70e</run_address>
         <size>0x20</size>
         <input_file_ref idref="fl-139"/>
      </object_component>
      <object_component id="oc-96">
         <name>.debug_line</name>
         <load_address>0x72e</load_address>
         <run_address>0x72e</run_address>
         <size>0xca</size>
         <input_file_ref idref="fl-14a"/>
      </object_component>
      <object_component id="oc-9a">
         <name>.debug_line</name>
         <load_address>0x7f8</load_address>
         <run_address>0x7f8</run_address>
         <size>0x195</size>
         <input_file_ref idref="fl-9"/>
      </object_component>
      <object_component id="oc-a0">
         <name>.debug_line</name>
         <load_address>0x98d</load_address>
         <run_address>0x98d</run_address>
         <size>0x112</size>
         <input_file_ref idref="fl-14a"/>
      </object_component>
      <object_component id="oc-a5">
         <name>.debug_line</name>
         <load_address>0xa9f</load_address>
         <run_address>0xa9f</run_address>
         <size>0x81</size>
         <input_file_ref idref="fl-14d"/>
      </object_component>
      <object_component id="oc-aa">
         <name>.debug_line</name>
         <load_address>0xb20</load_address>
         <run_address>0xb20</run_address>
         <size>0x7e</size>
         <input_file_ref idref="fl-14d"/>
      </object_component>
      <object_component id="oc-af">
         <name>.debug_line</name>
         <load_address>0xb9e</load_address>
         <run_address>0xb9e</run_address>
         <size>0x7e</size>
         <input_file_ref idref="fl-14d"/>
      </object_component>
      <object_component id="oc-b4">
         <name>.debug_line</name>
         <load_address>0xc1c</load_address>
         <run_address>0xc1c</run_address>
         <size>0x7e</size>
         <input_file_ref idref="fl-14d"/>
      </object_component>
      <object_component id="oc-b9">
         <name>.debug_line</name>
         <load_address>0xc9a</load_address>
         <run_address>0xc9a</run_address>
         <size>0x7e</size>
         <input_file_ref idref="fl-14d"/>
      </object_component>
      <object_component id="oc-be">
         <name>.debug_line</name>
         <load_address>0xd18</load_address>
         <run_address>0xd18</run_address>
         <size>0x7e</size>
         <input_file_ref idref="fl-14d"/>
      </object_component>
      <object_component id="oc-c2">
         <name>.debug_line</name>
         <load_address>0xd96</load_address>
         <run_address>0xd96</run_address>
         <size>0x4a6</size>
         <input_file_ref idref="fl-7"/>
      </object_component>
      <object_component id="oc-c7">
         <name>.debug_line</name>
         <load_address>0x123c</load_address>
         <run_address>0x123c</run_address>
         <size>0x5f0</size>
         <input_file_ref idref="fl-6"/>
      </object_component>
      <object_component id="oc-cc">
         <name>.debug_line</name>
         <load_address>0x182c</load_address>
         <run_address>0x182c</run_address>
         <size>0x1750</size>
         <input_file_ref idref="fl-2"/>
      </object_component>
      <object_component id="oc-d2">
         <name>.debug_line</name>
         <load_address>0x2f7c</load_address>
         <run_address>0x2f7c</run_address>
         <size>0x81</size>
         <input_file_ref idref="fl-14a"/>
      </object_component>
      <object_component id="oc-d7">
         <name>.debug_line</name>
         <load_address>0x2ffd</load_address>
         <run_address>0x2ffd</run_address>
         <size>0x80</size>
         <input_file_ref idref="fl-14e"/>
      </object_component>
      <object_component id="oc-dc">
         <name>.debug_line</name>
         <load_address>0x307d</load_address>
         <run_address>0x307d</run_address>
         <size>0x7f</size>
         <input_file_ref idref="fl-14e"/>
      </object_component>
      <object_component id="oc-e1">
         <name>.debug_line</name>
         <load_address>0x30fc</load_address>
         <run_address>0x30fc</run_address>
         <size>0x82</size>
         <input_file_ref idref="fl-14a"/>
      </object_component>
      <object_component id="oc-e6">
         <name>.debug_line</name>
         <load_address>0x317e</load_address>
         <run_address>0x317e</run_address>
         <size>0x20</size>
         <input_file_ref idref="fl-2"/>
      </object_component>
      <object_component id="oc-ec">
         <name>.debug_line</name>
         <load_address>0x319e</load_address>
         <run_address>0x319e</run_address>
         <size>0x31</size>
         <input_file_ref idref="fl-8"/>
      </object_component>
      <object_component id="oc-f1">
         <name>.debug_line</name>
         <load_address>0x31cf</load_address>
         <run_address>0x31cf</run_address>
         <size>0x60</size>
         <input_file_ref idref="fl-145"/>
      </object_component>
      <object_component id="oc-f4">
         <name>.debug_line</name>
         <load_address>0x322f</load_address>
         <run_address>0x322f</run_address>
         <size>0x2b</size>
         <input_file_ref idref="fl-145"/>
      </object_component>
      <object_component id="oc-f7">
         <name>.debug_line</name>
         <load_address>0x325a</load_address>
         <run_address>0x325a</run_address>
         <size>0x2a</size>
         <input_file_ref idref="fl-13b"/>
      </object_component>
      <object_component id="oc-fa">
         <name>.debug_line</name>
         <load_address>0x3284</load_address>
         <run_address>0x3284</run_address>
         <size>0x20</size>
         <input_file_ref idref="fl-138"/>
      </object_component>
      <object_component id="oc-fc">
         <name>.debug_line</name>
         <load_address>0x32a4</load_address>
         <run_address>0x32a4</run_address>
         <size>0x20</size>
         <input_file_ref idref="fl-13a"/>
      </object_component>
      <object_component id="oc-fe">
         <name>.debug_line</name>
         <load_address>0x32c4</load_address>
         <run_address>0x32c4</run_address>
         <size>0x51</size>
         <input_file_ref idref="fl-148"/>
      </object_component>
      <object_component id="oc-101">
         <name>.debug_line</name>
         <load_address>0x3315</load_address>
         <run_address>0x3315</run_address>
         <size>0x45</size>
         <input_file_ref idref="fl-148"/>
      </object_component>
      <object_component id="oc-106">
         <name>.debug_line</name>
         <load_address>0x335a</load_address>
         <run_address>0x335a</run_address>
         <size>0x1d</size>
         <input_file_ref idref="fl-14a"/>
      </object_component>
      <object_component id="oc-10a">
         <name>.debug_line</name>
         <load_address>0x3377</load_address>
         <run_address>0x3377</run_address>
         <size>0xe1</size>
         <input_file_ref idref="fl-14a"/>
      </object_component>
      <object_component id="oc-10e">
         <name>.debug_line</name>
         <load_address>0x3458</load_address>
         <run_address>0x3458</run_address>
         <size>0x80</size>
         <input_file_ref idref="fl-14e"/>
      </object_component>
      <object_component id="oc-113">
         <name>.debug_line</name>
         <load_address>0x34d8</load_address>
         <run_address>0x34d8</run_address>
         <size>0x80</size>
         <input_file_ref idref="fl-14e"/>
      </object_component>
      <object_component id="oc-118">
         <name>.debug_line</name>
         <load_address>0x3558</load_address>
         <run_address>0x3558</run_address>
         <size>0x90</size>
         <input_file_ref idref="fl-14a"/>
      </object_component>
      <object_component id="oc-11d">
         <name>.debug_line</name>
         <load_address>0x35e8</load_address>
         <run_address>0x35e8</run_address>
         <size>0x8f</size>
         <input_file_ref idref="fl-14b"/>
      </object_component>
      <object_component id="oc-122">
         <name>.debug_line</name>
         <load_address>0x3677</load_address>
         <run_address>0x3677</run_address>
         <size>0x7e</size>
         <input_file_ref idref="fl-14b"/>
      </object_component>
      <object_component id="oc-127">
         <name>.debug_line</name>
         <load_address>0x36f5</load_address>
         <run_address>0x36f5</run_address>
         <size>0x81</size>
         <input_file_ref idref="fl-14b"/>
      </object_component>
      <object_component id="oc-12c">
         <name>.debug_line</name>
         <load_address>0x3776</load_address>
         <run_address>0x3776</run_address>
         <size>0x8b</size>
         <input_file_ref idref="fl-14e"/>
      </object_component>
      <object_component id="oc-131">
         <name>.debug_line</name>
         <load_address>0x3801</load_address>
         <run_address>0x3801</run_address>
         <size>0x80</size>
         <input_file_ref idref="fl-14e"/>
      </object_component>
      <object_component id="oc-136">
         <name>.debug_line</name>
         <load_address>0x3881</load_address>
         <run_address>0x3881</run_address>
         <size>0x83</size>
         <input_file_ref idref="fl-14b"/>
      </object_component>
      <object_component id="oc-13b">
         <name>.debug_line</name>
         <load_address>0x3904</load_address>
         <run_address>0x3904</run_address>
         <size>0x81</size>
         <input_file_ref idref="fl-14b"/>
      </object_component>
      <object_component id="oc-140">
         <name>.debug_line</name>
         <load_address>0x3985</load_address>
         <run_address>0x3985</run_address>
         <size>0x7e</size>
         <input_file_ref idref="fl-14b"/>
      </object_component>
      <object_component id="oc-145">
         <name>.debug_line</name>
         <load_address>0x3a03</load_address>
         <run_address>0x3a03</run_address>
         <size>0x20</size>
         <input_file_ref idref="fl-9"/>
      </object_component>
      <object_component id="oc-14b">
         <name>.debug_line</name>
         <load_address>0x3a23</load_address>
         <run_address>0x3a23</run_address>
         <size>0x6b</size>
         <input_file_ref idref="fl-14a"/>
      </object_component>
      <object_component id="oc-14f">
         <name>.debug_line</name>
         <load_address>0x3a8e</load_address>
         <run_address>0x3a8e</run_address>
         <size>0x7e</size>
         <input_file_ref idref="fl-14d"/>
      </object_component>
      <object_component id="oc-153">
         <name>.debug_line</name>
         <load_address>0x3b0c</load_address>
         <run_address>0x3b0c</run_address>
         <size>0x7b</size>
         <input_file_ref idref="fl-14a"/>
      </object_component>
      <object_component id="oc-157">
         <name>.debug_line</name>
         <load_address>0x3b87</load_address>
         <run_address>0x3b87</run_address>
         <size>0x82</size>
         <input_file_ref idref="fl-14d"/>
      </object_component>
      <object_component id="oc-15a">
         <name>.debug_line</name>
         <load_address>0x3c09</load_address>
         <run_address>0x3c09</run_address>
         <size>0x5c</size>
         <input_file_ref idref="fl-141"/>
      </object_component>
      <object_component id="oc-15e">
         <name>.debug_line</name>
         <load_address>0x3c65</load_address>
         <run_address>0x3c65</run_address>
         <size>0x3f</size>
         <input_file_ref idref="fl-144"/>
      </object_component>
      <object_component id="oc-162">
         <name>.debug_line</name>
         <load_address>0x3ca4</load_address>
         <run_address>0x3ca4</run_address>
         <size>0x5c</size>
         <input_file_ref idref="fl-140"/>
      </object_component>
      <object_component id="oc-166">
         <name>.debug_line</name>
         <load_address>0x3d00</load_address>
         <run_address>0x3d00</run_address>
         <size>0x57</size>
         <input_file_ref idref="fl-13f"/>
      </object_component>
      <object_component id="oc-16a">
         <name>.debug_line</name>
         <load_address>0x3d57</load_address>
         <run_address>0x3d57</run_address>
         <size>0x5d</size>
         <input_file_ref idref="fl-143"/>
      </object_component>
      <object_component id="oc-172">
         <name>.debug_line</name>
         <load_address>0x3db4</load_address>
         <run_address>0x3db4</run_address>
         <size>0x5e</size>
         <input_file_ref idref="fl-142"/>
      </object_component>
      <object_component id="oc-176">
         <name>.debug_line</name>
         <load_address>0x3e12</load_address>
         <run_address>0x3e12</run_address>
         <size>0x82</size>
         <input_file_ref idref="fl-4"/>
      </object_component>
      <object_component id="oc-17d">
         <name>.debug_line</name>
         <load_address>0x3e94</load_address>
         <run_address>0x3e94</run_address>
         <size>0x31</size>
         <input_file_ref idref="fl-7"/>
      </object_component>
      <object_component id="oc-185">
         <name>.debug_line</name>
         <load_address>0x3ec5</load_address>
         <run_address>0x3ec5</run_address>
         <size>0x36</size>
         <input_file_ref idref="fl-2"/>
      </object_component>
      <object_component id="oc-18b">
         <name>.debug_line</name>
         <load_address>0x3efb</load_address>
         <run_address>0x3efb</run_address>
         <size>0x35</size>
         <input_file_ref idref="fl-6"/>
      </object_component>
      <object_component id="oc-190">
         <name>.debug_line</name>
         <load_address>0x3f30</load_address>
         <run_address>0x3f30</run_address>
         <size>0x2e</size>
         <input_file_ref idref="fl-4"/>
      </object_component>
      <object_component id="oc-19b">
         <name>.debug_line</name>
         <load_address>0x3f5e</load_address>
         <run_address>0x3f5e</run_address>
         <size>0x31</size>
         <input_file_ref idref="fl-2"/>
      </object_component>
      <object_component id="oc-1a0">
         <name>.debug_line</name>
         <load_address>0x3f8f</load_address>
         <run_address>0x3f8f</run_address>
         <size>0x35</size>
         <input_file_ref idref="fl-2"/>
      </object_component>
      <object_component id="oc-1a5">
         <name>.debug_line</name>
         <load_address>0x3fc4</load_address>
         <run_address>0x3fc4</run_address>
         <size>0x59</size>
         <input_file_ref idref="fl-2"/>
      </object_component>
      <object_component id="oc-1ab">
         <name>.debug_line</name>
         <load_address>0x401d</load_address>
         <run_address>0x401d</run_address>
         <size>0x6b</size>
[...]
      </symbol>
      <symbol id="sm-44c">
         <name>f_mount</name>
         <value>0x16cf</value>
         <object_component_ref idref="oc-ca"/>
      </symbol>
      <symbol id="sm-44d">
         <name>f_readdir</name>
         <value>0x2255</value>
         <object_component_ref idref="oc-ca"/>
      </symbol>
      <symbol id="sm-44e">
         <name>get_fat</name>
         <value>0x3ed</value>
         <object_component_ref idref="oc-ca"/>
      </symbol>
      <symbol id="sm-48a">
         <name>timedate</name>
         <value>0x20000458</value>
         <object_component_ref idref="oc-1eb"/>
      </symbol>
      <symbol id="sm-48b">
         <name>strrmvspace</name>
         <value>0x49cf</value>
         <object_component_ref idref="oc-174"/>
      </symbol>
      <symbol id="sm-48c">
         <name>gettime</name>
         <value>0x4989</value>
         <object_component_ref idref="oc-174"/>
      </symbol>
      <symbol id="sm-4b1">
         <name>ResetISR</name>
         <value>0x500f</value>
         <object_component_ref idref="oc-21"/>
      </symbol>
      <symbol id="sm-4b2">
         <name>g_pfnVectors</name>
         <value>0x0</value>
         <object_component_ref idref="oc-e"/>
      </symbol>
      <symbol id="sm-5b7">
         <name>get_fattime</name>
         <value>0x4361</value>
         <object_component_ref idref="oc-c5"/>
      </symbol>
      <symbol id="sm-5b8">
         <name>disk_status</name>
         <value>0x3e49</value>
         <object_component_ref idref="oc-c5"/>
      </symbol>
      <symbol id="sm-5b9">
         <name>power_on</name>
         <value>0x3a15</value>
         <object_component_ref idref="oc-c5"/>
      </symbol>
      <symbol id="sm-5ba">
         <name>xmit_datablock</name>
         <value>0x3ab7</value>
         <object_component_ref idref="oc-c5"/>
      </symbol>
      <symbol id="sm-5bb">
         <name>wait_ready</name>
         <value>0x39d7</value>
         <object_component_ref idref="oc-c5"/>
      </symbol>
      <symbol id="sm-5bc">
         <name>Stat</name>
         <value>0x20000680</value>
         <object_component_ref idref="oc-180"/>
      </symbol>
      <symbol id="sm-5bd">
         <name>rcvr_spi</name>
         <value>0x39b9</value>
         <object_component_ref idref="oc-c5"/>
      </symbol>
      <symbol id="sm-5be">
         <name>rcvr_datablock</name>
         <value>0x3a4b</value>
         <object_component_ref idref="oc-c5"/>
      </symbol>
      <symbol id="sm-5bf">
         <name>rcvr_spi_m</name>
         <value>0x39c9</value>
         <object_component_ref idref="oc-c5"/>
      </symbol>
      <symbol id="sm-5c0">
         <name>power_off</name>
         <value>0x3a25</value>
         <object_component_ref idref="oc-c5"/>
      </symbol>
      <symbol id="sm-5c1">
         <name>disk_timerproc</name>
         <value>0x4331</value>
         <object_component_ref idref="oc-c5"/>
      </symbol>
      <symbol id="sm-5c2">
         <name>disk_read</name>
         <value>0x3e63</value>
         <object_component_ref idref="oc-c5"/>
      </symbol>
      <symbol id="sm-5c3">
         <name>xmit_spi</name>
         <value>0x39a9</value>
         <object_component_ref idref="oc-c5"/>
      </symbol>
      <symbol id="sm-5c4">
         <name>disk_initialize</name>
         <value>0x3c29</value>
         <object_component_ref idref="oc-c5"/>
      </symbol>
      <symbol id="sm-5c5">
         <name>disk_ioctl</name>
         <value>0x3ff1</value>
         <object_component_ref idref="oc-c5"/>
      </symbol>
      <symbol id="sm-5c6">
         <name>disk_write</name>
         <value>0x3f19</value>
         <object_component_ref idref="oc-c5"/>
      </symbol>
      <symbol id="sm-5c7">
         <name>chk_power</name>
         <value>0x3a47</value>
         <object_component_ref idref="oc-c5"/>
      </symbol>
      <symbol id="sm-5c8">
         <name>CardType</name>
         <value>0x2000068c</value>
         <object_component_ref idref="oc-180"/>
      </symbol>
      <symbol id="sm-5c9">
         <name>release_spi</name>
         <value>0x3a01</value>
         <object_component_ref idref="oc-c5"/>
      </symbol>
      <symbol id="sm-5ca">
         <name>send_cmd</name>
         <value>0x3b31</value>
         <object_component_ref idref="oc-c5"/>
      </symbol>
      <symbol id="sm-5cb">
         <name>Timer1</name>
         <value>0x20000684</value>
         <object_component_ref idref="oc-180"/>
      </symbol>
      <symbol id="sm-5cc">
         <name>Timer2</name>
         <value>0x20000688</value>
         <object_component_ref idref="oc-180"/>
      </symbol>
      <symbol id="sm-734">
         <name>fatfs</name>
         <value>0x20000000</value>
         <object_component_ref idref="oc-16c"/>
      </symbol>
      <symbol id="sm-735">
         <name>ini_delentry</name>
         <value>0x37b5</value>
         <object_component_ref idref="oc-c0"/>
      </symbol>
      <symbol id="sm-736">
         <name>ini_delspace</name>
         <value>0x3429</value>
         <object_component_ref idref="oc-c0"/>
      </symbol>
      <symbol id="sm-737">
         <name>fs_getitemtag</name>
         <value>0x3167</value>
         <object_component_ref idref="oc-c0"/>
      </symbol>
      <symbol id="sm-738">
         <name>ini_setentry</name>
         <value>0x3695</value>
         <object_component_ref idref="oc-c0"/>
      </symbol>
      <symbol id="sm-739">
         <name>ini_searchentry</name>
         <value>0x3495</value>
         <object_component_ref idref="oc-c0"/>
      </symbol>
      <symbol id="sm-73a">
         <name>fs_checkitem</name>
         <value>0x2fd9</value>
         <object_component_ref idref="oc-c0"/>
      </symbol>
      <symbol id="sm-73b">
         <name>ini_renentry</name>
         <value>0x38a3</value>
         <object_component_ref idref="oc-c0"/>
      </symbol>
      <symbol id="sm-73c">
         <name>ini_stripfile</name>
         <value>0x332b</value>
         <object_component_ref idref="oc-c0"/>
      </symbol>
      <symbol id="sm-73d">
         <name>fs_items</name>
         <value>0x32df</value>
         <object_component_ref idref="oc-c0"/>
      </symbol>
      <symbol id="sm-73e">
         <name>fileobj</name>
         <value>0x20000234</value>
         <object_component_ref idref="oc-16e"/>
      </symbol>
      <symbol id="sm-73f">
         <name>ini_extendfile</name>
         <value>0x33a9</value>
         <object_component_ref idref="oc-c0"/>
      </symbol>
      <symbol id="sm-740">
         <name>fs_isdir</name>
         <value>0x3113</value>
         <object_component_ref idref="oc-c0"/>
      </symbol>
      <symbol id="sm-741">
         <name>ini_getentry</name>
         <value>0x35b5</value>
         <object_component_ref idref="oc-c0"/>
      </symbol>
      <symbol id="sm-742">
         <name>fs_unmount</name>
         <value>0x2f99</value>
         <object_component_ref idref="oc-c0"/>
      </symbol>
      <symbol id="sm-743">
         <name>fs_getitem</name>
         <value>0x3241</value>
         <object_component_ref idref="oc-c0"/>
      </symbol>
      <symbol id="sm-744">
         <name>fs_mount</name>
         <value>0x2fa5</value>
         <object_component_ref idref="oc-c0"/>
      </symbol>
      <symbol id="sm-76b">
         <name>main</name>
         <value>0x4871</value>
         <object_component_ref idref="oc-60"/>
      </symbol>
      <symbol id="sm-795">
         <name>GPIOSetInput</name>
         <value>0x4465</value>
         <object_component_ref idref="oc-98"/>
      </symbol>
      <symbol id="sm-796">
         <name>ssi_speed</name>
         <value>0x44fd</value>
         <object_component_ref idref="oc-98"/>
      </symbol>
      <symbol id="sm-797">
         <name>ssi_on</name>
         <value>0x456d</value>
         <object_component_ref idref="oc-98"/>
      </symbol>
      <symbol id="sm-798">
         <name>ssi_readwrite</name>
         <value>0x44df</value>
         <object_component_ref idref="oc-98"/>
      </symbol>
      <symbol id="sm-799">
         <name>ssi_wait</name>
         <value>0x44a5</value>
         <object_component_ref idref="oc-98"/>
      </symbol>
      <symbol id="sm-79a">
         <name>ssi_read</name>
         <value>0x44cf</value>
         <object_component_ref idref="oc-98"/>
      </symbol>
      <symbol id="sm-79b">
         <name>init_periph</name>
         <value>0x43e7</value>
         <object_component_ref idref="oc-98"/>
      </symbol>
      <symbol id="sm-79c">
         <name>ssi_off</name>
         <value>0x454f</value>
         <object_component_ref idref="oc-98"/>
      </symbol>
      <symbol id="sm-79d">
         <name>ssi_write</name>
         <value>0x44bd</value>
         <object_component_ref idref="oc-98"/>
      </symbol>
      <symbol id="sm-79e">
         <name>delay_ms</name>
         <value>0x4487</value>
         <object_component_ref idref="oc-98"/>
      </symbol>
      <symbol id="sm-79f">
         <name>init_pins</name>
         <value>0x43a5</value>
         <object_component_ref idref="oc-98"/>
      </symbol>
      <symbol id="sm-7a0">
         <name>GPIOSetOutput</name>
         <value>0x4443</value>
         <object_component_ref idref="oc-98"/>
      </symbol>
      <symbol id="sm-7ae">
         <name>_c_int00</name>
         <value>0x4dc9</value>
         <object_component_ref idref="oc-10"/>
      </symbol>
      <symbol id="sm-7af">
         <name>__stack</name>
         <value>0x20000480</value>
         <object_component_ref idref="oc-20"/>
      </symbol>
      <symbol id="sm-7c9">
         <name>__TI_decompress_none</name>
         <value>0x4fdd</value>
         <object_component_ref idref="oc-14"/>
      </symbol>
      <symbol id="sm-7f3">
         <name>__TI_decompress_rle24</name>
         <value>0x506d</value>
         <object_component_ref idref="oc-1c"/>
      </symbol>
      <symbol id="sm-805">
         <name>__TI_zero_init</name>
         <value>0x4f97</value>
         <object_component_ref idref="oc-18"/>
      </symbol>
      <symbol id="sm-820">
         <name>C$$EXIT</name>
         <value>0x4d89</value>
         <object_component_ref idref="oc-31"/>
      </symbol>
      <symbol id="sm-821">
         <name>_dtors_ptr</name>
         <value>0x2000069c</value>
         <object_component_ref idref="oc-6d"/>
      </symbol>
      <symbol id="sm-822">
         <name>abort</name>
         <value>0x4d8d</value>
         <object_component_ref idref="oc-31"/>
      </symbol>
      <symbol id="sm-823">
         <name>_cleanup_ptr</name>
         <value>0x20000698</value>
         <object_component_ref idref="oc-6d"/>
      </symbol>
      <symbol id="sm-824">
         <name>exit</name>
         <value>0x4d95</value>
         <object_component_ref idref="oc-31"/>
      </symbol>
      <symbol id="sm-82e">
         <name>isspace</name>
         <value>0x4fbd</value>
         <object_component_ref idref="oc-1e7"/>
      </symbol>
      <symbol id="sm-843">
         <name>memcpy</name>
         <value>0x4b29</value>
         <object_component_ref idref="oc-38"/>
      </symbol>
      <symbol id="sm-844">
         <name>__aeabi_memcpy</name>
         <value>0x4b29</value>
         <object_component_ref idref="oc-38"/>
      </symbol>
      <symbol id="sm-845">
         <name>__aeabi_memcpy8</name>
         <value>0x4b29</value>
         <object_component_ref idref="oc-38"/>
      </symbol>
      <symbol id="sm-846">
         <name>__aeabi_memcpy4</name>
         <value>0x4b29</value>
         <object_component_ref idref="oc-38"/>
      </symbol>
      <symbol id="sm-852">
         <name>main_func_sp</name>
         <value>0x200006a0</value>
         <object_component_ref idref="oc-35"/>
      </symbol>
      <symbol id="sm-865">
         <name>strcat</name>
         <value>0x4ecd</value>
         <object_component_ref idref="oc-164"/>
      </symbol>
      <symbol id="sm-871">
         <name>strcpy</name>
         <value>0x4fa9</value>
         <object_component_ref idref="oc-160"/>
      </symbol>
      <symbol id="sm-87d">
         <name>strlen</name>
         <value>0x4f29</value>
         <object_component_ref idref="oc-158"/>
      </symbol>
      <symbol id="sm-88b">
         <name>strncmp</name>
         <value>0x4e85</value>
         <object_component_ref idref="oc-170"/>
      </symbol>
      <symbol id="sm-899">
         <name>strncpy</name>
         <value>0x4dfd</value>
         <object_component_ref idref="oc-168"/>
      </symbol>
      <symbol id="sm-8a3">
         <name>toupper</name>
         <value>0x4fcd</value>
         <object_component_ref idref="oc-15c"/>
      </symbol>
      <symbol id="sm-8b8">
         <name>_nop</name>
         <value>0x4f23</value>
         <object_component_ref idref="oc-ef"/>
      </symbol>
      <symbol id="sm-8b9">
         <name>_lock</name>
         <value>0x20000690</value>
         <object_component_ref idref="oc-6b"/>
      </symbol>
      <symbol id="sm-8ba">
         <name>_unlock</name>
         <value>0x20000694</value>
         <object_component_ref idref="oc-6b"/>
      </symbol>
      <symbol id="sm-8bb">
         <name>_register_lock</name>
         <value>0x4f1b</value>
         <object_component_ref idref="oc-ef"/>
      </symbol>
      <symbol id="sm-8bc">
         <name>_register_unlock</name>
         <value>0x4f15</value>
         <object_component_ref idref="oc-ef"/>
      </symbol>
      <symbol id="sm-8cb">
         <name>_args_main</name>
         <value>0x4ee9</value>
         <object_component_ref idref="oc-2d"/>
      </symbol>
      <symbol id="sm-8e5">
         <name>__TI_auto_init</name>
         <value>0x4bc5</value>
         <object_component_ref idref="oc-29"/>
      </symbol>
      <symbol id="sm-8fc">
         <name>copy_in</name>
         <value>0x4d45</value>
         <object_component_ref idref="oc-5b"/>
      </symbol>
      <symbol id="sm-906">
         <name>_ctypes_</name>
         <value>0x5080</value>
         <object_component_ref idref="oc-1c9"/>
      </symbol>
      <symbol id="sm-98c">
         <name>g_ulInlineCCSWorkaround</name>
         <value>0x2000047c</value>
         <object_component_ref idref="oc-1b4"/>
      </symbol>
      <symbol id="sm-98d">
         <name>SysCtlPeripheralEnable</name>
         <value>0x4ead</value>
         <object_component_ref idref="oc-cf"/>
      </symbol>
      <symbol id="sm-98e">
         <name>SysCtlClockGet</name>
         <value>0x4599</value>
         <object_component_ref idref="oc-9d"/>
      </symbol>
      <symbol id="sm-98f">
         <name>SysCtlClockSet</name>
         <value>0x4745</value>
         <object_component_ref idref="oc-93"/>
      </symbol>
      <symbol id="sm-990">
         <name>SysCtlDelay</name>
         <value>0x4f01</value>
         <object_component_ref idref="oc-de"/>
      </symbol>
      <symbol id="sm-991">
         <name>SysCtlPeripheralReset</name>
         <value>0x4d01</value>
         <object_component_ref idref="oc-115"/>
      </symbol>
      <symbol id="sm-9c5">
         <name>SSIDataPut</name>
         <value>0x5039</value>
         <object_component_ref idref="oc-124"/>
      </symbol>
      <symbol id="sm-9c6">
         <name>SSIDataGetNonBlocking</name>
         <value>0x4f85</value>
         <object_component_ref idref="oc-133"/>
      </symbol>
      <symbol id="sm-9c7">
         <name>SSIDisable</name>
         <value>0x5043</value>
         <object_component_ref idref="oc-13d"/>
      </symbol>
      <symbol id="sm-9c8">
         <name>SSIEnable</name>
         <value>0x504d</value>
         <object_component_ref idref="oc-11f"/>
      </symbol>
      <symbol id="sm-9c9">
         <name>SSIConfigSetExpClk</name>
         <value>0x4cb7</value>
         <object_component_ref idref="oc-11a"/>
      </symbol>
      <symbol id="sm-9ca">
         <name>SSIDataGet</name>
         <value>0x5003</value>
         <object_component_ref idref="oc-138"/>
      </symbol>
      <symbol id="sm-9d6">
         <name>IntMasterEnable</name>
         <value>0x502f</value>
         <object_component_ref idref="oc-1e2"/>
      </symbol>
      <symbol id="sm-9d7">
         <name>IntMasterDisable</name>
         <value>0x5025</value>
         <object_component_ref idref="oc-1dd"/>
      </symbol>
      <symbol id="sm-a01">
         <name>I2CMasterSlaveAddrSet</name>
         <value>0x505f</value>
         <object_component_ref idref="oc-a7"/>
      </symbol>
      <symbol id="sm-a02">
         <name>I2CMasterEnable</name>
         <value>0x501b</value>
         <object_component_ref idref="oc-14c"/>
      </symbol>
      <symbol id="sm-a03">
         <name>I2CMasterDataGet</name>
         <value>0x5077</value>
         <object_component_ref idref="oc-bb"/>
      </symbol>
      <symbol id="sm-a04">
         <name>I2CMasterInitExpClk</name>
         <value>0x4e5d</value>
         <object_component_ref idref="oc-a2"/>
      </symbol>
      <symbol id="sm-a05">
         <name>I2CMasterDataPut</name>
         <value>0x507b</value>
         <object_component_ref idref="oc-ac"/>
      </symbol>
      <symbol id="sm-a06">
         <name>I2CMasterControl</name>
         <value>0x5073</value>
         <object_component_ref idref="oc-b1"/>
      </symbol>
      <symbol id="sm-a07">
         <name>I2CMasterBusy</name>
         <value>0x5057</value>
         <object_component_ref idref="oc-b6"/>
      </symbol>
      <symbol id="sm-a44">
         <name>GPIOPinTypeGPIOInput</name>
         <value>0x4f3d</value>
         <object_component_ref idref="oc-12e"/>
      </symbol>
      <symbol id="sm-a45">
         <name>GPIOPinTypeGPIOOutput</name>
         <value>0x4f4f</value>
         <object_component_ref idref="oc-d4"/>
      </symbol>
      <symbol id="sm-a46">
         <name>GPIOPadConfigSet</name>
         <value>0x4a5d</value>
         <object_component_ref idref="oc-129"/>
      </symbol>
      <symbol id="sm-a47">
         <name>GPIOPinWrite</name>
         <value>0x5067</value>
         <object_component_ref idref="oc-d9"/>
      </symbol>
      <symbol id="sm-a48">
         <name>GPIODirModeSet</name>
         <value>0x4e2d</value>
         <object_component_ref idref="oc-1ac"/>
      </symbol>
      <symbol id="sm-a49">
         <name>GPIOPinTypeSSI</name>
         <value>0x4f73</value>
         <object_component_ref idref="oc-10b"/>
      </symbol>
      <symbol id="sm-a4a">
         <name>GPIOPinTypeI2C</name>
         <value>0x4f61</value>
         <object_component_ref idref="oc-110"/>
      </symbol>
      <symbol id="sm-a56">
         <name>CPUcpsie</name>
         <value>0x4ff7</value>
         <object_component_ref idref="oc-21c"/>
      </symbol>
      <symbol id="sm-a57">
         <name>CPUcpsid</name>
         <value>0x4feb</value>
         <object_component_ref idref="oc-217"/>
      </symbol>
      <symbol id="sm-a58">
         <name>__TI_static_base__</name>
         <value>0x0</value>
      </symbol>
      <symbol id="sm-a59">
         <name>__TI_args_main</name>
         <value>0x1</value>
      </symbol>
      <symbol id="sm-a5a">
         <name>SHT$$INIT_ARRAY$$Limit</name>
         <value>0x0</value>
      </symbol>
      <symbol id="sm-a5b">
         <name>SHT$$INIT_ARRAY$$Base</name>
         <value>0x0</value>
      </symbol>
   </symbol_table>
</link_info>
